,gargnitin@gargnitin:~/work/cloud/storage/client/gcsfuse/src/gcsfuse$ git log -2 --name-onky
fatal: unrecognized argument: --name-onky
gargnitin@gargnitin:~/work/cloud/storage/client/gcsfuse/src/gcsfuse$ git log -2 --name-only                                                                                                                                                                                              
commit b316b7701144e7b4e2a710aa4cb39d1a89abd7f8 (HEAD -> gargnitin/bump-perfmetrics-dependencies/v1)
Author: dependabot[bot] <49699333+dependabot[bot]@users.noreply.github.com>
Date:   Sun Feb 11 05:21:47 2024 +0000

    Bump grpcio in /perfmetrics/scripts/load_tests/python
    
    Bumps [grpcio](https://github.com/grpc/grpc) from 1.54.0 to 1.54.3.
    - [Release notes](https://github.com/grpc/grpc/releases)
    - [Changelog](https://github.com/grpc/grpc/blob/master/doc/grpc_release_schedule.md)
    - [Commits](https://github.com/grpc/grpc/compare/v1.54.0...v1.54.3)
    
    ---
    updated-dependencies:
    - dependency-name: grpcio
      dependency-type: indirect
    ...
    
    Signed-off-by: dependabot[bot] <support@github.com>

perfmetrics/scripts/load_tests/python/requirements.txt

commit 3beb997cf4dc1773ee78db826d34f2a08844b859
Author: dependabot[bot] <49699333+dependabot[bot]@users.noreply.github.com>
Date:   Sun Feb 11 05:20:56 2024 +0000

    Bump grpcio from 1.54.0 to 1.54.3 in /perfmetrics/scripts
    
    Bumps [grpcio](https://github.com/grpc/grpc) from 1.54.0 to 1.54.3.
    - [Release notes](https://github.com/grpc/grpc/releases)
    - [Changelog](https://github.com/grpc/grpc/blob/master/doc/grpc_release_schedule.md)
    - [Commits](https://github.com/grpc/grpc/compare/v1.54.0...v1.54.3)
    
    ---
    updated-dependencies:
    - dependency-name: grpcio
      dependency-type: direct:production
    ...
    
    Signed-off-by: dependabot[bot] <support@github.com>

perfmetrics/scripts/bigquery/requirements.txt
perfmetrics/scripts/requirements.txt
gargnitin@gargnitin:~/work/cloud/storage/client/gcsfuse/src/gcsfuse$ python3
Python 3.11.7 (main, Dec  8 2023, 14:22:46) [GCC 13.2.0] on linux
Type "help", "copyright", "credits" or "license" for more information.
>>> q
Traceback (most recent call last):
  File "<stdin>", line 1, in <module>
NameError: name 'q' is not defined
>>> quit
Use quit() or Ctrl-D (i.e. EOF) to exit
>>> exit
Use exit() or Ctrl-D (i.e. EOF) to exit
>>> 
KeyboardInterrupt
>>> q
Traceback (most recent call last):
  File "<stdin>", line 1, in <module>
NameError: name 'q' is not defined
>>> kil
Traceback (most recent call last):
  File "<stdin>", line 1, in <module>
NameError: name 'kil' is not defined
>>> e
Traceback (most recent call last):
  File "<stdin>", line 1, in <module>
NameError: name 'e' is not defined
>>> 
KeyboardInterrupt
>>> 
KeyboardInterrupt
>>> 
KeyboardInterrupt
>>> 
KeyboardInterrupt
>>> 
[1]+  Stopped                 python3
gargnitin@gargnitin:~/work/cloud/storage/client/gcsfuse/src/gcsfuse$ htop 
gargnitin@gargnitin:~/work/cloud/storage/client/gcsfuse/src/gcsfuse$ htop 
gargnitin@gargnitin:~/work/cloud/storage/client/gcsfuse/src/gcsfuse$ htop -F python3
gargnitin@gargnitin:~/work/cloud/storage/client/gcsfuse/src/gcsfuse$ htop -F python3\|bash
gargnitin@gargnitin:~/work/cloud/storage/client/gcsfuse/src/gcsfuse$ htop -F python3\|bash\|tmux
[1]+  Killed                  python3
gargnitin@gargnitin:~/work/cloud/storage/client/gcsfuse/src/gcsfuse$ jobs                       
gargnitin@gargnitin:~/work/cloud/storage/client/gcsfuse/src/gcsfuse$ cd perfmetrics/scripts/
bigquery/        continuous_test/ fio/             gsheet/          job_files/       load_tests/      ls_metrics/      ml_tests/        presubmit/       presubmit_test/  read_cache/      utils/           vm_metrics/      
gargnitin@gargnitin:~/work/cloud/storage/client/gcsfuse/src/gcsfuse$ cd perfmetrics/scripts/presubmit
presubmit/      presubmit_test/ 
gargnitin@gargnitin:~/work/cloud/storage/client/gcsfuse/src/gcsfuse$ cd perfmetrics/scripts/load_tests/python/
gargnitin@gargnitin:~/work/cloud/storage/client/gcsfuse/src/gcsfuse/perfmetrics/scripts/load_tests/python$ ls
__init__.py  load_generator  load_test.py  README.md  requirements.in  requirements.txt  sample_tasks.yaml  tasks
gargnitin@gargnitin:~/work/cloud/storage/client/gcsfuse/src/gcsfuse/perfmetrics/scripts/load_tests/python$ git log -5 .
commit b316b7701144e7b4e2a710aa4cb39d1a89abd7f8 (HEAD -> gargnitin/bump-perfmetrics-dependencies/v1)
Author: dependabot[bot] <49699333+dependabot[bot]@users.noreply.github.com>
Date:   Sun Feb 11 05:21:47 2024 +0000

    Bump grpcio in /perfmetrics/scripts/load_tests/python
    
    Bumps [grpcio](https://github.com/grpc/grpc) from 1.54.0 to 1.54.3.
    - [Release notes](https://github.com/grpc/grpc/releases)
    - [Changelog](https://github.com/grpc/grpc/blob/master/doc/grpc_release_schedule.md)
    - [Commits](https://github.com/grpc/grpc/compare/v1.54.0...v1.54.3)
    
    ---
    updated-dependencies:
    - dependency-name: grpcio
      dependency-type: indirect
    ...
    
    Signed-off-by: dependabot[bot] <support@github.com>

commit 89b8cf8bff85f764f48720471196db3fda3c346d
Author: dependabot[bot] <49699333+dependabot[bot]@users.noreply.github.com>
Date:   Mon Oct 30 15:36:39 2023 +0530

    Bump werkzeug in /perfmetrics/scripts/load_tests/python (#1466)
    
    Bumps [werkzeug](https://github.com/pallets/werkzeug) from 2.3.4 to 3.0.1.
    - [Release notes](https://github.com/pallets/werkzeug/releases)
    - [Changelog](https://github.com/pallets/werkzeug/blob/main/CHANGES.rst)
    - [Commits](https://github.com/pallets/werkzeug/compare/2.3.4...3.0.1)
    
    ---
    updated-dependencies:
    - dependency-name: werkzeug
      dependency-type: indirect
    ...
    
    Signed-off-by: dependabot[bot] <support@github.com>
    Co-authored-by: dependabot[bot] <49699333+dependabot[bot]@users.noreply.github.com>

commit adbd3c2689080ee540639b6ed31778a79bd5bcc3
Author: dependabot[bot] <49699333+dependabot[bot]@users.noreply.github.com>
Date:   Mon Oct 30 14:18:48 2023 +0530

    Bump urllib3 in /perfmetrics/scripts/load_tests/python (#1448)
    
    Bumps [urllib3](https://github.com/urllib3/urllib3) from 1.26.15 to 1.26.18.
    - [Release notes](https://github.com/urllib3/urllib3/releases)
    - [Changelog](https://github.com/urllib3/urllib3/blob/main/CHANGES.rst)
    - [Commits](https://github.com/urllib3/urllib3/compare/1.26.15...1.26.18)
    
    ---
    updated-dependencies:
    - dependency-name: urllib3
      dependency-type: indirect
    ...
    
    Signed-off-by: dependabot[bot] <support@github.com>
    Co-authored-by: dependabot[bot] <49699333+dependabot[bot]@users.noreply.github.com>

commit bb315266bb684dfd3ea9bed54cf530b467b1c023
Author: dependabot[bot] <49699333+dependabot[bot]@users.noreply.github.com>
Date:   Thu Aug 10 16:25:22 2023 +0530

    Bump certifi in /perfmetrics/scripts/load_tests/python (#1269)
    
    Bumps [certifi](https://github.com/certifi/python-certifi) from 2023.5.7 to 2023.7.22.
    - [Commits](https://github.com/certifi/python-certifi/compare/2023.05.07...2023.07.22)
    
    ---
    updated-dependencies:
    - dependency-name: certifi
      dependency-type: indirect
    ...
gargnitin@gargnitin:~/work/cloud/storage/client/gcsfuse/src/gcsfuse/perfmetrics/scripts/load_tests/python$ git l -5 .                                                                                                                                                                     
b316b7701 (HEAD -> refs/heads/gargnitin/bump-perfmetrics-dependencies/v1) Bump grpcio in /perfmetrics/scripts/load_tests/python
89b8cf8bf Bump werkzeug in /perfmetrics/scripts/load_tests/python (#1466)
adbd3c268 Bump urllib3 in /perfmetrics/scripts/load_tests/python (#1448)
bb315266b Bump certifi in /perfmetrics/scripts/load_tests/python (#1269)
c316052d1 Bump requests in /perfmetrics/scripts/load_tests/python (#1268)
gargnitin@gargnitin:~/work/cloud/storage/client/gcsfuse/src/gcsfuse/perfmetrics/scripts/load_tests/python$ ls
__init__.py  load_generator  load_test.py  README.md  requirements.in  requirements.txt  sample_tasks.yaml  tasks
gargnitin@gargnitin:~/work/cloud/storage/client/gcsfuse/src/gcsfuse/perfmetrics/scripts/load_tests/python$ python3 load_test.py --tasks-python-file-path /path/to/task/module.py --num-processes 2 --num-threads 2 --output-dir output --run-time 60                                      
Traceback (most recent call last):
  File "/usr/local/google/home/gargnitin/work/cloud/storage/client/gcsfuse/src/gcsfuse/perfmetrics/scripts/load_tests/python/load_test.py", line 44, in <module>
    from tasks import tf_data
  File "/usr/local/google/home/gargnitin/work/cloud/storage/client/gcsfuse/src/gcsfuse/perfmetrics/scripts/load_tests/python/tasks/tf_data.py", line 24, in <module>
    import tensorflow as tf
ModuleNotFoundError: No module named 'tensorflow'
gargnitin@gargnitin:~/work/cloud/storage/client/gcsfuse/src/gcsfuse/perfmetrics/scripts/load_tests/python$ git st
On branch gargnitin/bump-perfmetrics-dependencies/v1
Your branch and 'origin/gargnitin/bump-perfmetrics-dependencies/v1' have diverged,
and have 13 and 2 different commits each, respectively.
  (use "git pull" if you want to integrate the remote branch with yours)

nothing to commit (use -u to show untracked files)
gargnitin@gargnitin:~/work/cloud/storage/client/gcsfuse/src/gcsfuse/perfmetrics/scripts/load_tests/python$ git switch master
Switched to branch 'master'
Your branch is behind 'origin/master' by 7 commits, and can be fast-forwarded.
  (use "git pull" to update your local branch)
gargnitin@gargnitin:~/work/cloud/storage/client/gcsfuse/src/gcsfuse/perfmetrics/scripts/load_tests/python$ git ff
Updating aac55f266..adab7d1da
Fast-forward
 .github/workflows/ci.yml                                                |   4 ++--
 Dockerfile                                                              |   2 +-
 flags.go                                                                |   2 +-
 go.mod                                                                  |   2 +-
 internal/cache/file/cache_handle_test.go                                |   6 +++---
 internal/cache/file/cache_handler_test.go                               |   6 +++---
 internal/cache/file/downloader/job_test.go                              |   7 +++++--
 internal/cache/metadata/stat_cache.go                                   |  42 +++++++++++++++++++++---------------------
 internal/cache/metadata/stat_cache_test.go                              | 198 ++++++++++++++++++++++++++++++++++++++++++++++++++++++++++++++++++++++++++++++++++++++++++++++++++++------------------------------------------------------------------------------------------------
 internal/fs/fs.go                                                       |  22 +++++++++++-----------
 internal/fs/inode/base_dir.go                                           |   8 ++++----
 internal/fs/inode/base_dir_test.go                                      |   4 ++--
 internal/fs/inode/core.go                                               |  12 ++++++------
 internal/fs/inode/core_test.go                                          |  73 +++++++++++++++++++++++++++++++++++++-----------------------------------
 internal/fs/inode/dir.go                                                |  81 ++++++++++++++++++++++++++++++++++++++++++--------------------------------------
 internal/fs/inode/dir_test.go                                           | 204 +++++++++++++++++++++++++++++++++++++++++++++++++++++++++++++++++++++++++++++++++++++++++++++++++++++++---------------------------------------------------------------------------------------------------
 internal/fs/inode/explicit_dir.go                                       |   6 +++---
 internal/fs/inode/file.go                                               |  53 ++++++++++++++++++++++++++++++++++++-----------------
 internal/fs/inode/file_test.go                                          | 115 +++++++++++++++++++++++++++++++++++++++++++++++++++++++++++++++---------------------------------------------------
 internal/fs/inode/symlink.go                                            |  20 ++++++++++----------
 internal/fs/inode/symlink_test.go                                       |   8 ++++----
 internal/fs/local_modifications_test.go                                 |  33 ++++++++++++++++++++++-----------
 internal/gcsx/integration_test.go                                       |   4 ++--
 internal/gcsx/prefix_bucket.go                                          |   8 ++++----
 internal/gcsx/prefix_bucket_test.go                                     |   9 +++++----
 internal/monitor/bucket.go                                              |   6 +++---
 internal/mount/flag.go                                                  |   4 ++--
 internal/mount/flag_test.go                                             |   2 +-
 internal/ratelimit/throttled_bucket.go                                  |   4 ++--
 internal/storage/bucket_handle.go                                       |   9 +++++++--
 internal/storage/bucket_handle_test.go                                  |  89 ++++++++++++++++++++++++++++++++++++++++++++++++++++++++--------------------------------
 internal/storage/caching/fast_stat_bucket.go                            |  30 +++++++++++++++++++++---------
 internal/storage/caching/fast_stat_bucket_test.go                       | 121 ++++++++++++++++++++++++++++++++++++++++++++++++++++++++++++++++++++++++++++++++++++++++--------------------------------
 internal/storage/caching/integration_test.go                            |   3 ++-
 internal/storage/caching/mock_gcscaching/mock_stat_cache.go             |   8 ++++----
 internal/storage/debug_bucket.go                                        |   4 ++--
 internal/storage/fake/bucket.go                                         |  17 ++++++++++++-----
 internal/storage/fake/testing/bucket_tests.go                           | 160 ++++++++++++++++++++++++++++++++++++++++++++++++++++++++++++++++++++++++++++++++++++++++++++++++--------------------------------------------------------------
 internal/storage/gcs/bucket.go                                          |   2 +-
 internal/storage/gcs/object.go                                          |  18 ++++++++++++++++++
 internal/storage/gcs/request.go                                         |   3 +++
 internal/storage/mock_bucket.go                                         |  18 ++++++++++++------
 internal/storage/storageutil/object_attrs.go                            |  77 ++++++++++++++++++++++++++++++++++++++++++++++++++++++++++++++++++++++++----
 internal/storage/storageutil/object_attrs_test.go                       | 188 ++++++++++++++++++++++++++++++++++++++++++++++++++++++++++++++++++++++++++++++++++++++++++++++++++++++++++++++++++++++++++++++++++++++++++++++++++++++++++++++++++++++++++++++++++++++++--
 internal/util/sizeof.go                                                 |  30 +++++++++---------------------
 internal/util/sizeof_test.go                                            |  84 ++++++++++++-----------------------------------------------------------------------
 perfmetrics/scripts/ml_tests/pytorch/run_model.sh                       |   2 +-
 perfmetrics/scripts/ml_tests/tf/resnet/setup_scripts/setup_container.sh |   4 ++--
 perfmetrics/scripts/presubmit_test/pr_perf_test/build.sh                |   4 ++--
 perfmetrics/scripts/read_cache/setup.sh                                 |   2 +-
 perfmetrics/scripts/run_e2e_tests.sh                                    |   4 ++--
 tools/cd_scripts/e2e_test.sh                                            |   2 +-
 tools/containerize_gcsfuse_docker/Dockerfile                            |   2 +-
 tools/package_gcsfuse_docker/Dockerfile                                 |   2 +-
 54 files changed, 1121 insertions(+), 707 deletions(-)
gargnitin@gargnitin:~/work/cloud/storage/client/gcsfuse/src/gcsfuse/perfmetrics/scripts/load_tests/python$ python3 load_test.py --tasks-python-file-path /path/to/task/module.py --num-processes 2 --num-threads 2 --output-dir output --run-time 60 
Traceback (most recent call last):
  File "/usr/local/google/home/gargnitin/work/cloud/storage/client/gcsfuse/src/gcsfuse/perfmetrics/scripts/load_tests/python/load_test.py", line 44, in <module>
    from tasks import tf_data
  File "/usr/local/google/home/gargnitin/work/cloud/storage/client/gcsfuse/src/gcsfuse/perfmetrics/scripts/load_tests/python/tasks/tf_data.py", line 24, in <module>
    import tensorflow as tf
ModuleNotFoundError: No module named 'tensorflow'
gargnitin@gargnitin:~/work/cloud/storage/client/gcsfuse/src/gcsfuse/perfmetrics/scripts/load_tests/python$ mkdir output
gargnitin@gargnitin:~/work/cloud/storage/client/gcsfuse/src/gcsfuse/perfmetrics/scripts/load_tests/python$ python3 load_test.py --tasks-python-file-path /path/to/task/module.py --num-processes 2 --num-threads 2 --output-dir output --run-time 60 
Traceback (most recent call last):
  File "/usr/local/google/home/gargnitin/work/cloud/storage/client/gcsfuse/src/gcsfuse/perfmetrics/scripts/load_tests/python/load_test.py", line 44, in <module>
    from tasks import tf_data
  File "/usr/local/google/home/gargnitin/work/cloud/storage/client/gcsfuse/src/gcsfuse/perfmetrics/scripts/load_tests/python/tasks/tf_data.py", line 24, in <module>
    import tensorflow as tf
ModuleNotFoundError: No module named 'tensorflow'
gargnitin@gargnitin:~/work/cloud/storage/client/gcsfuse/src/gcsfuse/perfmetrics/scripts/load_tests/python$ pip3 install tensorflow
error: externally-managed-environment

× This environment is externally managed
╰─> To install Python packages system-wide, try apt install
    python3-xyz, where xyz is the package you are trying to
    install.
    
    If you wish to install a non-Debian-packaged Python package,
    create a virtual environment using python3 -m venv path/to/venv.
    Then use path/to/venv/bin/python and path/to/venv/bin/pip. Make
    sure you have python3-full installed.
    
    If you wish to install a non-Debian packaged Python application,
    it may be easiest to use pipx install xyz, which will manage a
    virtual environment for you. Make sure you have pipx installed.
    
    See /usr/share/doc/python3.11/README.venv for more information.

note: If you believe this is a mistake, please contact your Python installation or OS distribution provider. You can override this, at the risk of breaking your Python installation or OS, by passing --break-system-packages.
hint: See PEP 668 for the detailed specification.
gargnitin@gargnitin:~/work/cloud/storage/client/gcsfuse/src/gcsfuse/perfmetrics/scripts/load_tests/python$ sudo apt-get install python3-tensorflow
[sudo] password for gargnitin: 
Reading package lists... Done
Building dependency tree... Done
Reading state information... Done
E: Unable to locate package python3-tensorflow
gargnitin@gargnitin:~/work/cloud/storage/client/gcsfuse/src/gcsfuse/perfmetrics/scripts/load_tests/python$ sudo apt-get install python-tensorflow                                                                                                                                        
Reading package lists... Done
Building dependency tree... Done
Reading state information... Done
E: Unable to locate package python-tensorflow
gargnitin@gargnitin:~/work/cloud/storage/client/gcsfuse/src/gcsfuse/perfmetrics/scripts/load_tests/python$ python3 -m pip install tensorflow
error: externally-managed-environment

× This environment is externally managed
╰─> To install Python packages system-wide, try apt install
    python3-xyz, where xyz is the package you are trying to
    install.
    
    If you wish to install a non-Debian-packaged Python package,
    create a virtual environment using python3 -m venv path/to/venv.
    Then use path/to/venv/bin/python and path/to/venv/bin/pip. Make
    sure you have python3-full installed.
    
    If you wish to install a non-Debian packaged Python application,
    it may be easiest to use pipx install xyz, which will manage a
    virtual environment for you. Make sure you have pipx installed.
    
    See /usr/share/doc/python3.11/README.venv for more information.

note: If you believe this is a mistake, please contact your Python installation or OS distribution provider. You can override this, at the risk of breaking your Python installation or OS, by passing --break-system-packages.
hint: See PEP 668 for the detailed specification.
gargnitin@gargnitin:~/work/cloud/storage/client/gcsfuse/src/gcsfuse/perfmetrics/scripts/load_tests/python$ sudo pip3 install tensorflow                                                                                                                                                   
Skippy Security Tip: Installing python packages with sudo pip can cause system damage by overriding system-critical python packages. Consider using virtual-env (go/local-python) or you can remove sudo and add the --user flag.
Suggestion: pip install --user tensorflow
More info: http://go/roole/pip_install.md
Do you still want to execute this command? [y/n]n
gargnitin@gargnitin:~/work/cloud/storage/client/gcsfuse/src/gcsfuse/perfmetrics/scripts/load_tests/python$  pip3 install -m tensorflow                                                                                                                                                   

Usage:   
  pip3 install [options] <requirement specifier> [package-index-options] ...
  pip3 install [options] -r <requirements file> [package-index-options] ...
  pip3 install [options] [-e] <vcs project url> ...
  pip3 install [options] [-e] <local project path> ...
  pip3 install [options] <archive url/path> ...

no such option: -m
gargnitin@gargnitin:~/work/cloud/storage/client/gcsfuse/src/gcsfuse/perfmetrics/scripts/load_tests/python$  pip3 install  tensorflow                                                                                                                                                     
error: externally-managed-environment

× This environment is externally managed
╰─> To install Python packages system-wide, try apt install
    python3-xyz, where xyz is the package you are trying to
    install.
    
    If you wish to install a non-Debian-packaged Python package,
    create a virtual environment using python3 -m venv path/to/venv.
    Then use path/to/venv/bin/python and path/to/venv/bin/pip. Make
    sure you have python3-full installed.
    
    If you wish to install a non-Debian packaged Python application,
    it may be easiest to use pipx install xyz, which will manage a
    virtual environment for you. Make sure you have pipx installed.
    
    See /usr/share/doc/python3.11/README.venv for more information.

note: If you believe this is a mistake, please contact your Python installation or OS distribution provider. You can override this, at the risk of breaking your Python installation or OS, by passing --break-system-packages.
hint: See PEP 668 for the detailed specification.
gargnitin@gargnitin:~/work/cloud/storage/client/gcsfuse/src/gcsfuse/perfmetrics/scripts/load_tests/python$  pip install  tensorflow                                                                                                                                                      
error: externally-managed-environment

× This environment is externally managed
╰─> To install Python packages system-wide, try apt install
    python3-xyz, where xyz is the package you are trying to
    install.
    
    If you wish to install a non-Debian-packaged Python package,
    create a virtual environment using python3 -m venv path/to/venv.
    Then use path/to/venv/bin/python and path/to/venv/bin/pip. Make
    sure you have python3-full installed.
    
    If you wish to install a non-Debian packaged Python application,
    it may be easiest to use pipx install xyz, which will manage a
    virtual environment for you. Make sure you have pipx installed.
    
    See /usr/share/doc/python3.11/README.venv for more information.

note: If you believe this is a mistake, please contact your Python installation or OS distribution provider. You can override this, at the risk of breaking your Python installation or OS, by passing --break-system-packages.
hint: See PEP 668 for the detailed specification.
gargnitin@gargnitin:~/work/cloud/storage/client/gcsfuse/src/gcsfuse/perfmetrics/scripts/load_tests/python$                                                                                                                                                                              
If you do not reboot now, your system will reboot automatically
at Fri Mar 22 02:54:08 UTC 2024. For more info, see go/glinux-reboot-policy.
To reboot your computer 10 hours from now, on the command line run:
echo systemctl reboot | at now + 10 hours
                                                                               
gargnitin@gargnitin:~/work/cloud/storage/client/gcsfuse/src/gcsfuse/perfmetrics/scripts/load_tests/python$ 
gargnitin@gargnitin:~/work/cloud/storage/client/gcsfuse/src/gcsfuse/perfmetrics/scripts/load_tests/python$ 
gargnitin@gargnitin:~/work/cloud/storage/client/gcsfuse/src/gcsfuse/perfmetrics/scripts/load_tests/python$ 
gargnitin@gargnitin:~/work/cloud/storage/client/gcsfuse/src/gcsfuse/perfmetrics/scripts/load_tests/python$                                                                                
If you do not reboot now, your system will reboot automatically                
at Fri May 17 02:52:10 UTC 2024. For more info, see go/glinux-reboot-policy.   
To reboot your computer 10 hours from now, on the command line run:            
echo systemctl reboot | at now + 10 hours                                      
Also you may have a pending maintenance. See go/cloudtop-faq#cloudtop-maintenan
ce-scheduler                                                                   
To run maintenance in 10 hours run:                                            
ctop self maintenance schedule in 10h
                                                                               
gargnitin@gargnitin:~/work/cloud/storage/client/gcsfuse/src/gcsfuse/perfmetrics/scripts/load_tests/python$ 
