gargnitin@gargnitin:~$ bash
gargnitin@gargnitin:~$ src
gargnitin@gargnitin:~/work/cloud/storage/client/gcsfuse/src/gcsfuse$ echo bucket=gargnitin-test-empty-dirname-asia-se1
bucket=gargnitin-test-empty-dirname-asia-se1
gargnitin@gargnitin:~/work/cloud/storage/client/gcsfuse/src/gcsfuse$ realpath ~/work/cloud/storage/client/gcsfuse/
intellij/     pythonenv/    src/          src2/         src3/         tasks/        test_bu       test_buckets/ 
gargnitin@gargnitin:~/work/cloud/storage/client/gcsfuse/src/gcsfuse$ realpath ~/work/cloud/storage/client/gcsfuse/test_bu
test_bu       test_buckets/ 
gargnitin@gargnitin:~/work/cloud/storage/client/gcsfuse/src/gcsfuse$ realpath ~/work/cloud/storage/client/gcsfuse/test_buckets/gargnitin-test-empty-dirname-asia-se1
/usr/local/google/home/gargnitin/work/cloud/storage/client/gcsfuse/test_buckets/gargnitin-test-empty-dirname-asia-se1
gargnitin@gargnitin:~/work/cloud/storage/client/gcsfuse/src/gcsfuse$ realpath ~/work/cloud/storage/client/gcsfuse/test_buckets/gargnitin-test-empty-dirname-asia-se1-mount
/usr/local/google/home/gargnitin/work/cloud/storage/client/gcsfuse/test_buckets/gargnitin-test-empty-dirname-asia-se1-mount
gargnitin@gargnitin:~/work/cloud/storage/client/gcsfuse/src/gcsfuse$ export mountpath=/usr/local/google/home/gargnitin/work/cloud/storage/client/gcsfuse/test_buckets/gargnitin-test-empty-dirname-asia-se1-mount
gargnitin@gargnitin:~/work/cloud/storage/client/gcsfuse/src/gcsfuse$ go run . --implicit-dirs $bucket $mountpath
{"timestamp":{"seconds":1715192169,"nanos":471047250},"severity":"INFO","message":"Start gcsfuse/unknown (Go version go1.23-20240419-RC02 cl/626470163 +7f76c00fc5 X:fieldtrack,boringcrypto) for app \"\" using mount point: /usr/local/google/home/gargnitin/work/cloud/storage/client/gcsfuse/test_buckets/gargnitin-test-empty-dirname-asia-se1-mount\n"}
{"timestamp":{"seconds":1715192169,"nanos":471780580},"severity":"INFO","message":"GCSFuse mount command flags: {\"AppName\":\"\",\"Foreground\":false,\"ConfigFile\":\"\",\"MountOptions\":{},\"DirMode\":493,\"FileMode\":420,\"Uid\":-1,\"Gid\":-1,\"ImplicitDirs\":true,\"OnlyDir\":\"\",\"RenameDirLimit\":0,\"IgnoreInterrupts\":false,\"CustomEndpoint\":null,\"BillingProject\":\"\",\"KeyFile\":\"\",\"TokenUrl\":\"\",\"ReuseTokenFromUrl\":true,\"EgressBandwidthLimitBytesPerSecond\":-1,\"OpRateLimitHz\":-1,\"SequentialReadSizeMb\":200,\"AnonymousAccess\":false,\"MaxRetrySleep\":30000000000,\"StatCacheCapacity\":20460,\"StatCacheTTL\":60000000000,\"TypeCacheTTL\":60000000000,\"HttpClientTimeout\":0,\"MaxRetryDuration\":-1000000000,\"RetryMultiplier\":2,\"LocalFileCache\":false,\"TempDir\":\"\",\"ClientProtocol\":\"http1\",\"MaxConnsPerHost\":100,\"MaxIdleConnsPerHost\":100,\"EnableNonexistentTypeCache\":false,\"StackdriverExportInterval\":0,\"OtelCollectorAddress\":\"\",\"LogFile\":\"\",\"LogFormat\":\"json\",\"ExperimentalEnableJsonRead\":false,\"DebugFuseErrors\":true,\"DebugFuse\":false,\"DebugFS\":false,\"DebugGCS\":false,\"DebugHTTP\":false,\"DebugInvariants\":false,\"DebugMutex\":false}"}
{"timestamp":{"seconds":1715192169,"nanos":471916420},"severity":"INFO","message":"GCSFuse mount config flags: {\"CreateEmptyFile\":false,\"Severity\":\"INFO\",\"Format\":\"json\",\"FilePath\":\"\",\"LogRotateConfig\":{\"MaxFileSizeMB\":512,\"BackupFileCount\":10,\"Compress\":true},\"MaxSizeMB\":-1,\"CacheFileForRangeRead\":false,\"CacheDir\":\"\",\"TtlInSeconds\":-9223372036854775808,\"TypeCacheMaxSizeMB\":4,\"StatCacheMaxSizeMB\":-9223372036854775808,\"EnableEmptyManagedFolders\":false,\"ConnPoolSize\":1,\"AnonymousAccess\":false,\"EnableHNS\":false,\"IgnoreInterrupts\":false}"}
{"timestamp":{"seconds":1715192169,"nanos":489767988},"severity":"INFO","message":"File system has been successfully mounted."}
gargnitin@gargnitin:~/work/cloud/storage/client/gcsfuse/src/gcsfuse$ ls $mountpath
ls: reading directory '/usr/local/google/home/gargnitin/work/cloud/storage/client/gcsfuse/test_buckets/gargnitin-test-empty-dirname-asia-se1-mount': Operation not supported
gargnitin@gargnitin:~/work/cloud/storage/client/gcsfuse/src/gcsfuse$ fusermount -uz $mountpath; go run . --implicit-dirs $bucket $mountpath                  
{"timestamp":{"seconds":1715192233,"nanos":215765239},"severity":"INFO","message":"Start gcsfuse/unknown (Go version go1.23-20240419-RC02 cl/626470163 +7f76c00fc5 X:fieldtrack,boringcrypto) for app \"\" using mount point: /usr/local/google/home/gargnitin/work/cloud/storage/client/gcsfuse/test_buckets/gargnitin-test-empty-dirname-asia-se1-mount\n"}
{"timestamp":{"seconds":1715192233,"nanos":216480239},"severity":"INFO","message":"GCSFuse mount command flags: {\"AppName\":\"\",\"Foreground\":false,\"ConfigFile\":\"\",\"MountOptions\":{},\"DirMode\":493,\"FileMode\":420,\"Uid\":-1,\"Gid\":-1,\"ImplicitDirs\":true,\"OnlyDir\":\"\",\"RenameDirLimit\":0,\"IgnoreInterrupts\":false,\"CustomEndpoint\":null,\"BillingProject\":\"\",\"KeyFile\":\"\",\"TokenUrl\":\"\",\"ReuseTokenFromUrl\":true,\"EgressBandwidthLimitBytesPerSecond\":-1,\"OpRateLimitHz\":-1,\"SequentialReadSizeMb\":200,\"AnonymousAccess\":false,\"MaxRetrySleep\":30000000000,\"StatCacheCapacity\":20460,\"StatCacheTTL\":60000000000,\"TypeCacheTTL\":60000000000,\"HttpClientTimeout\":0,\"MaxRetryDuration\":-1000000000,\"RetryMultiplier\":2,\"LocalFileCache\":false,\"TempDir\":\"\",\"ClientProtocol\":\"http1\",\"MaxConnsPerHost\":100,\"MaxIdleConnsPerHost\":100,\"EnableNonexistentTypeCache\":false,\"StackdriverExportInterval\":0,\"OtelCollectorAddress\":\"\",\"LogFile\":\"\",\"LogFormat\":\"json\",\"ExperimentalEnableJsonRead\":false,\"DebugFuseErrors\":true,\"DebugFuse\":false,\"DebugFS\":false,\"DebugGCS\":false,\"DebugHTTP\":false,\"DebugInvariants\":false,\"DebugMutex\":false}"}
{"timestamp":{"seconds":1715192233,"nanos":216591368},"severity":"INFO","message":"GCSFuse mount config flags: {\"CreateEmptyFile\":false,\"Severity\":\"INFO\",\"Format\":\"json\",\"FilePath\":\"\",\"LogRotateConfig\":{\"MaxFileSizeMB\":512,\"BackupFileCount\":10,\"Compress\":true},\"MaxSizeMB\":-1,\"CacheFileForRangeRead\":false,\"CacheDir\":\"\",\"TtlInSeconds\":-9223372036854775808,\"TypeCacheMaxSizeMB\":4,\"StatCacheMaxSizeMB\":-9223372036854775808,\"EnableEmptyManagedFolders\":false,\"ConnPoolSize\":1,\"AnonymousAccess\":false,\"EnableHNS\":false,\"IgnoreInterrupts\":false}"}
{"timestamp":{"seconds":1715192233,"nanos":234734347},"severity":"INFO","message":"File system has been successfully mounted."}
gargnitin@gargnitin:~/work/cloud/storage/client/gcsfuse/src/gcsfuse$ fusermount -uz $mountpath; go run . --implicit-dirs $bucket $mountpath && ls -l $mountpath 
{"timestamp":{"seconds":1715192246,"nanos":502087283},"severity":"INFO","message":"Start gcsfuse/unknown (Go version go1.23-20240419-RC02 cl/626470163 +7f76c00fc5 X:fieldtrack,boringcrypto) for app \"\" using mount point: /usr/local/google/home/gargnitin/work/cloud/storage/client/gcsfuse/test_buckets/gargnitin-test-empty-dirname-asia-se1-mount\n"}
{"timestamp":{"seconds":1715192246,"nanos":503897213},"severity":"INFO","message":"GCSFuse mount command flags: {\"AppName\":\"\",\"Foreground\":false,\"ConfigFile\":\"\",\"MountOptions\":{},\"DirMode\":493,\"FileMode\":420,\"Uid\":-1,\"Gid\":-1,\"ImplicitDirs\":true,\"OnlyDir\":\"\",\"RenameDirLimit\":0,\"IgnoreInterrupts\":false,\"CustomEndpoint\":null,\"BillingProject\":\"\",\"KeyFile\":\"\",\"TokenUrl\":\"\",\"ReuseTokenFromUrl\":true,\"EgressBandwidthLimitBytesPerSecond\":-1,\"OpRateLimitHz\":-1,\"SequentialReadSizeMb\":200,\"AnonymousAccess\":false,\"MaxRetrySleep\":30000000000,\"StatCacheCapacity\":20460,\"StatCacheTTL\":60000000000,\"TypeCacheTTL\":60000000000,\"HttpClientTimeout\":0,\"MaxRetryDuration\":-1000000000,\"RetryMultiplier\":2,\"LocalFileCache\":false,\"TempDir\":\"\",\"ClientProtocol\":\"http1\",\"MaxConnsPerHost\":100,\"MaxIdleConnsPerHost\":100,\"EnableNonexistentTypeCache\":false,\"StackdriverExportInterval\":0,\"OtelCollectorAddress\":\"\",\"LogFile\":\"\",\"LogFormat\":\"json\",\"ExperimentalEnableJsonRead\":false,\"DebugFuseErrors\":true,\"DebugFuse\":false,\"DebugFS\":false,\"DebugGCS\":false,\"DebugHTTP\":false,\"DebugInvariants\":false,\"DebugMutex\":false}"}
{"timestamp":{"seconds":1715192246,"nanos":504065642},"severity":"INFO","message":"GCSFuse mount config flags: {\"CreateEmptyFile\":false,\"Severity\":\"INFO\",\"Format\":\"json\",\"FilePath\":\"\",\"LogRotateConfig\":{\"MaxFileSizeMB\":512,\"BackupFileCount\":10,\"Compress\":true},\"MaxSizeMB\":-1,\"CacheFileForRangeRead\":false,\"CacheDir\":\"\",\"TtlInSeconds\":-9223372036854775808,\"TypeCacheMaxSizeMB\":4,\"StatCacheMaxSizeMB\":-9223372036854775808,\"EnableEmptyManagedFolders\":false,\"ConnPoolSize\":1,\"AnonymousAccess\":false,\"EnableHNS\":false,\"IgnoreInterrupts\":false}"}
{"timestamp":{"seconds":1715192246,"nanos":521803551},"severity":"INFO","message":"File system has been successfully mounted."}
ls: reading directory '/usr/local/google/home/gargnitin/work/cloud/storage/client/gcsfuse/test_buckets/gargnitin-test-empty-dirname-asia-se1-mount': Operation not supported
total 0
gargnitin@gargnitin:~/work/cloud/storage/client/gcsfuse/src/gcsfuse$ fusermount -uz $mountpath; go run . --implicit-dirs $bucket $mountpath && ls -l $mountpath 
{"timestamp":{"seconds":1715192260,"nanos":364749021},"severity":"INFO","message":"Start gcsfuse/unknown (Go version go1.23-20240419-RC02 cl/626470163 +7f76c00fc5 X:fieldtrack,boringcrypto) for app \"\" using mount point: /usr/local/google/home/gargnitin/work/cloud/storage/client/gcsfuse/test_buckets/gargnitin-test-empty-dirname-asia-se1-mount\n"}
{"timestamp":{"seconds":1715192260,"nanos":364959781},"severity":"INFO","message":"GCSFuse mount command flags: {\"AppName\":\"\",\"Foreground\":false,\"ConfigFile\":\"\",\"MountOptions\":{},\"DirMode\":493,\"FileMode\":420,\"Uid\":-1,\"Gid\":-1,\"ImplicitDirs\":true,\"OnlyDir\":\"\",\"RenameDirLimit\":0,\"IgnoreInterrupts\":false,\"CustomEndpoint\":null,\"BillingProject\":\"\",\"KeyFile\":\"\",\"TokenUrl\":\"\",\"ReuseTokenFromUrl\":true,\"EgressBandwidthLimitBytesPerSecond\":-1,\"OpRateLimitHz\":-1,\"SequentialReadSizeMb\":200,\"AnonymousAccess\":false,\"MaxRetrySleep\":30000000000,\"StatCacheCapacity\":20460,\"StatCacheTTL\":60000000000,\"TypeCacheTTL\":60000000000,\"HttpClientTimeout\":0,\"MaxRetryDuration\":-1000000000,\"RetryMultiplier\":2,\"LocalFileCache\":false,\"TempDir\":\"\",\"ClientProtocol\":\"http1\",\"MaxConnsPerHost\":100,\"MaxIdleConnsPerHost\":100,\"EnableNonexistentTypeCache\":false,\"StackdriverExportInterval\":0,\"OtelCollectorAddress\":\"\",\"LogFile\":\"\",\"LogFormat\":\"json\",\"ExperimentalEnableJsonRead\":false,\"DebugFuseErrors\":true,\"DebugFuse\":false,\"DebugFS\":false,\"DebugGCS\":false,\"DebugHTTP\":false,\"DebugInvariants\":false,\"DebugMutex\":false}"}
{"timestamp":{"seconds":1715192260,"nanos":365065471},"severity":"INFO","message":"GCSFuse mount config flags: {\"CreateEmptyFile\":false,\"Severity\":\"INFO\",\"Format\":\"json\",\"FilePath\":\"\",\"LogRotateConfig\":{\"MaxFileSizeMB\":512,\"BackupFileCount\":10,\"Compress\":true},\"MaxSizeMB\":-1,\"CacheFileForRangeRead\":false,\"CacheDir\":\"\",\"TtlInSeconds\":-9223372036854775808,\"TypeCacheMaxSizeMB\":4,\"StatCacheMaxSizeMB\":-9223372036854775808,\"EnableEmptyM

  Mem[|||||||||||||||||||||||||||||||                                            35.2G/189G] Tasks: 860, 9475 thr, 499 kthr; 2 running
  Swp[||                                                                        17.3M/1.86G] Load average: 34.64 34.80 35.46 
  Avg[||||                                                                     1.9% 2249MHz] Uptime: 19 days, 15:26:17
  Disk IO: 1.1% read: 0KiB/s write: 169KiB/s                                                                                                                                             

  [Main] [I/O]
 VIRT   RES  CPU% MEM%     PID   TIME+  Command△                                                                                                                                          
2250M 48172   0.0  0.0 1197900  0:00.08 │  │  └─ /usr/local/google/home/gargnitin/work/cloud/storage/client/gcsfuse/src/gcsfuse/internal/fs/__debug_bin1074535237 -test.run TestFS        
anagedFolders\":false,\"ConnPoolSize\":1,\"AnonymousAccess\":false,\"EnableHNS\":false,\"IgnoreInterrupts\":false}"}
{"timestamp":{"seconds":1715192260,"nanos":383479659},"severity":"INFO","message":"File system has been successfully mounted."}
ls: reading directory '/usr/local/google/home/gargnitin/work/cloud/storage/client/gcsfuse/test_buckets/gargnitin-test-empty-dirname-asia-se1-mount': Operation not supported
total 0
gargnitin@gargnitin:~/work/cloud/storage/client/gcsfuse/src/gcsfuse$ git l
860009edb (HEAD -> refs/heads/gargnitin/fix-empty-directory-list-issue) disable other internal/fs test files
4ebcfa432 update comment
21c9b59f5 make  local constants un-exported
fbbc0b17d (refs/remotes/origin/gargnitin/fix-empty-directory-list-issue) Update semantics.md documentation
d4efd7403 fix lint error
gargnitin@gargnitin:~/work/cloud/storage/client/gcsfuse/src/gcsfuse$ fusermount -uz $mountpath; go run . --implicit-dirs $bucket $mountpath && ls -l $mountpath 
{"timestamp":{"seconds":1715192277,"nanos":440923882},"severity":"INFO","message":"Start gcsfuse/unknown (Go version go1.23-20240419-RC02 cl/626470163 +7f76c00fc5 X:fieldtrack,boringcrypto) for app \"\" using mount point: /usr/local/google/home/gargnitin/work/cloud/storage/client/gcsfuse/test_buckets/gargnitin-test-empty-dirname-asia-se1-mount\n"}
{"timestamp":{"seconds":1715192277,"nanos":441133942},"severity":"INFO","message":"GCSFuse mount command flags: {\"AppName\":\"\",\"Foreground\":false,\"ConfigFile\":\"\",\"MountOptions\":{},\"DirMode\":493,\"FileMode\":420,\"Uid\":-1,\"Gid\":-1,\"ImplicitDirs\":true,\"OnlyDir\":\"\",\"RenameDirLimit\":0,\"IgnoreInterrupts\":false,\"CustomEndpoint\":null,\"BillingProject\":\"\",\"KeyFile\":\"\",\"TokenUrl\":\"\",\"ReuseTokenFromUrl\":true,\"EgressBandwidthLimitBytesPerSecond\":-1,\"OpRateLimitHz\":-1,\"SequentialReadSizeMb\":200,\"AnonymousAccess\":false,\"MaxRetrySleep\":30000000000,\"StatCacheCapacity\":20460,\"StatCacheTTL\":60000000000,\"TypeCacheTTL\":60000000000,\"HttpClientTimeout\":0,\"MaxRetryDuration\":-1000000000,\"RetryMultiplier\":2,\"LocalFileCache\":false,\"TempDir\":\"\",\"ClientProtocol\":\"http1\",\"MaxConnsPerHost\":100,\"MaxIdleConnsPerHost\":100,\"EnableNonexistentTypeCache\":false,\"StackdriverExportInterval\":0,\"OtelCollectorAddress\":\"\",\"LogFile\":\"\",\"LogFormat\":\"json\",\"ExperimentalEnableJsonRead\":false,\"DebugFuseErrors\":true,\"DebugFuse\":false,\"DebugFS\":false,\"DebugGCS\":false,\"DebugHTTP\":false,\"DebugInvariants\":false,\"DebugMutex\":false}"}
{"timestamp":{"seconds":1715192277,"nanos":441252982},"severity":"INFO","message":"GCSFuse mount config flags: {\"CreateEmptyFile\":false,\"Severity\":\"INFO\",\"Format\":\"json\",\"FilePath\":\"\",\"LogRotateConfig\":{\"MaxFileSizeMB\":512,\"BackupFileCount\":10,\"Compress\":true},\"MaxSizeMB\":-1,\"CacheFileForRangeRead\":false,\"CacheDir\":\"\",\"TtlInSeconds\":-9223372036854775808,\"TypeCacheMaxSizeMB\":4,\"StatCacheMaxSizeMB\":-9223372036854775808,\"EnableEmptyManagedFolders\":false,\"ConnPoolSize\":1,\"AnonymousAccess\":false,\"EnableHNS\":false,\"IgnoreInterrupts\":false}"}
{"timestamp":{"seconds":1715192277,"nanos":460514160},"severity":"INFO","message":"File system has been successfully mounted."}
ls: reading directory '/usr/local/google/home/gargnitin/work/cloud/storage/client/gcsfuse/test_buckets/gargnitin-test-empty-dirname-asia-se1-mount': Operation not supported
total 0
gargnitin@gargnitin:~/work/cloud/storage/client/gcsfuse/src/gcsfuse$ lsfusemnts 
gcsfuse /usr/local/google/home/gargnitin/work/cloud/storage/client/gcsfuse/test_buckets/gargnitin-test-empty-dirname-asia-se1-mount
gargnitin@gargnitin:~/work/cloud/storage/client/gcsfuse/src/gcsfuse$ htop -F gcsfuse
gargnitin@gargnitin:~/work/cloud/storage/client/gcsfuse/src/gcsfuse$ fusermount -uz $mountpath
gargnitin@gargnitin:~/work/cloud/storage/client/gcsfuse/src/gcsfuse$ fusermount -uz $mountpath
fusermount: entry for /usr/local/google/home/gargnitin/work/cloud/storage/client/gcsfuse/test_buckets/gargnitin-test-empty-dirname-asia-se1-mount not found in /etc/mtab
gargnitin@gargnitin:~/work/cloud/storage/client/gcsfuse/src/gcsfuse$ fusermount -uz $mountpath
fusermount: entry for /usr/local/google/home/gargnitin/work/cloud/storage/client/gcsfuse/test_buckets/gargnitin-test-empty-dirname-asia-se1-mount not found in /etc/mtab
gargnitin@gargnitin:~/work/cloud/storage/client/gcsfuse/src/gcsfuse$ htop -F gcsfuse                                                                                            
gargnitin@gargnitin:~/work/cloud/storage/client/gcsfuse/src/gcsfuse$ fusermount -uz $mountpath; go run . --implicit-dirs $bucket $mountpath && ls -l $mountpath                           
fusermount: entry for /usr/local/google/home/gargnitin/work/cloud/storage/client/gcsfuse/test_buckets/gargnitin-test-empty-dirname-asia-se1-mount not found in /etc/mtab
{"timestamp":{"seconds":1715192379,"nanos":223483136},"severity":"INFO","message":"Start gcsfuse/unknown (Go version go1.23-20240419-RC02 cl/626470163 +7f76c00fc5 X:fieldtrack,boringcrypto) for app \"\" using mount point: /usr/local/google/home/gargnitin/work/cloud/storage/client/gcsfuse/test_buckets/gargnitin-test-empty-dirname-asia-se1-mount\n"}
{"timestamp":{"seconds":1715192379,"nanos":223666386},"severity":"INFO","message":"GCSFuse mount command flags: {\"AppName\":\"\",\"Foreground\":false,\"ConfigFile\":\"\",\"MountOptions\":{},\"DirMode\":493,\"FileMode\":420,\"Uid\":-1,\"Gid\":-1,\"ImplicitDirs\":true,\"OnlyDir\":\"\",\"RenameDirLimit\":0,\"IgnoreInterrupts\":false,\"CustomEndpoint\":null,\"BillingProject\":\"\",\"KeyFile\":\"\",\"TokenUrl\":\"\",\"ReuseTokenFromUrl\":true,\"EgressBandwidthLimitBytesPerSecond\":-1,\"OpRateLimitHz\":-1,\"SequentialReadSizeMb\":200,\"AnonymousAccess\":false,\"MaxRetrySleep\":30000000000,\"StatCacheCapacity\":20460,\"StatCacheTTL\":60000000000,\"TypeCacheTTL\":60000000000,\"HttpClientTimeout\":0,\"MaxRetryDuration\":-1000000000,\"RetryMultiplier\":2,\"LocalFileCache\":false,\"TempDir\":\"\",\"ClientProtocol\":\"http1\",\"MaxConnsPerHost\":100,\"MaxIdleConnsPerHost\":100,\"EnableNonexistentTypeCache\":false,\"StackdriverExportInterval\":0,\"OtelCollectorAddress\":\"\",\"LogFile\":\"\",\"LogFormat\":\"json\",\"ExperimentalEnableJsonRead\":false,\"DebugFuseErrors\":true,\"DebugFuse\":false,\"DebugFS\":false,\"DebugGCS\":false,\"DebugHTTP\":false,\"DebugInvariants\":false,\"DebugMutex\":false}"}
{"timestamp":{"seconds":1715192379,"nanos":223734756},"severity":"INFO","message":"GCSFuse mount config flags: {\"CreateEmptyFile\":false,\"Severity\":\"INFO\",\"Format\":\"json\",\"FilePath\":\"\",\"LogRotateConfig\":{\"MaxFileSizeMB\":512,\"BackupFileCount\":10,\"Compress\":true},\"MaxSizeMB\":-1,\"CacheFileForRangeRead\":false,\"CacheDir\":\"\",\"TtlInSeconds\":-9223372036854775808,\"TypeCacheMaxSizeMB\":4,\"StatCacheMaxSizeMB\":-9223372036854775808,\"EnableEmptyManagedFolders\":false,\"ConnPoolSize\":1,\"AnonymousAccess\":false,\"EnableHNS\":false,\"IgnoreInterrupts\":false}"}
{"timestamp":{"seconds":1715192379,"nanos":240339696},"severity":"INFO","message":"File system has been successfully mounted."}
ls: reading directory '/usr/local/google/home/gargnitin/work/cloud/storage/client/gcsfuse/test_buckets/gargnitin-test-empty-dirname-asia-se1-mount': Operation not supported
total 0
gargnitin@gargnitin:~/work/cloud/storage/client/gcsfuse/src/gcsfuse$ fusermount -uz $mountpath; go run . --implicit-dirs $bucket $mountpath && ls -l $mountpath 
{"timestamp":{"seconds":1715192395,"nanos":558581429},"severity":"INFO","message":"Start gcsfuse/unknown (Go version go1.23-20240419-RC02 cl/626470163 +7f76c00fc5 X:fieldtrack,boringcrypto) for app \"\" using mount point: /usr/local/google/home/gargnitin/work/cloud/storage/client/gcsfuse/test_buckets/gargnitin-test-empty-dirname-asia-se1-mount\n"}
{"timestamp":{"seconds":1715192395,"nanos":559003609},"severity":"INFO","message":"GCSFuse mount command flags: {\"AppName\":\"\",\"Foreground\":false,\"ConfigFile\":\"\",\"MountOptions\":{},\"DirMode\":493,\"FileMode\":420,\"Uid\":-1,\"Gid\":-1,\"ImplicitDirs\":true,\"OnlyDir\":\"\",\"RenameDirLimit\":0,\"IgnoreInterrupts\":false,\"CustomEndpoint\":null,\"BillingProject\":\"\",\"KeyFile\":\"\",\"TokenUrl\":\"\",\"ReuseTokenFromUrl\":true,\"EgressBandwidthLimitBytesPerSecond\":-1,\"OpRateLimitHz\":-1,\"SequentialReadSizeMb\":200,\"AnonymousAccess\":false,\"MaxRetrySleep\":30000000000,\"StatCacheCapacity\":20460,\"StatCacheTTL\":60000000000,\"TypeCacheTTL\":60000000000,\"HttpClientTimeout\":0,\"MaxRetryDuration\":-1000000000,\"RetryMultiplier\":2,\"LocalFileCache\":false,\"TempDir\":\"\",\"ClientProtocol\":\"http1\",\"MaxConnsPerHost\":100,\"MaxIdleConnsPerHost\":100,\"EnableNonexistentTypeCache\":false,\"StackdriverExportInterval\":0,\"OtelCollectorAddress\":\"\",\"LogFile\":\"\",\"LogFormat\":\"json\",\"ExperimentalEnableJsonRead\":false,\"DebugFuseErrors\":true,\"DebugFuse\":false,\"DebugFS\":false,\"DebugGCS\":false,\"DebugHTTP\":false,\"DebugInvariants\":false,\"DebugMutex\":false}"}
{"timestamp":{"seconds":1715192395,"nanos":559097449},"severity":"INFO","message":"GCSFuse mount config flags: {\"CreateEmptyFile\":false,\"Severity\":\"INFO\",\"Format\":\"json\",\"FilePath\":\"\",\"LogRotateConfig\":{\"MaxFileSizeMB\":512,\"BackupFileCount\":10,\"Compress\":true},\"MaxSizeMB\":-1,\"CacheFileForRangeRead\":false,\"CacheDir\":\"\",\"TtlInSeconds\":-9223372036854775808,\"TypeCacheMaxSizeMB\":4,\"StatCacheMaxSizeMB\":-9223372036854775808,\"EnableEmptyManagedFolders\":false,\"ConnPoolSize\":1,\"AnonymousAccess\":false,\"EnableHNS\":false,\"IgnoreInterrupts\":false}"}
{"timestamp":{"seconds":1715192395,"nanos":577690018},"severity":"INFO","message":"File system has been successfully mounted."}
ls: reading directory '/usr/local/google/home/gargnitin/work/cloud/storage/client/gcsfuse/test_buckets/gargnitin-test-empty-dirname-asia-se1-mount': Operation not supported
total 0
gargnitin@gargnitin:~/work/cloud/storage/client/gcsfuse/src/gcsfuse$ lsfusemnts 
gcsfuse /usr/local/google/home/gargnitin/work/cloud/storage/client/gcsfuse/test_buckets/gargnitin-test-empty-dirname-asia-se1-mount
gargnitin@gargnitin:~/work/cloud/storage/client/gcsfuse/src/gcsfuse$ fusermount -uz $mountpath 
gargnitin@gargnitin:~/work/cloud/storage/client/gcsfuse/src/gcsfuse$ lsfusemnts                                                                                            
gargnitin@gargnitin:~/work/cloud/storage/client/gcsfuse/src/gcsfuse$ go run . --implicit-dirs $bucket $mountpath
go: inconsistent vendoring in /usr/local/google/home/gargnitin/work/cloud/storage/client/gcsfuse/src/gcsfuse:
        cloud.google.com/go/longrunning@v0.5.5: is explicitly required in go.mod, but not marked as explicit in vendor/modules.txt

        To ignore the vendor directory, use -mod=readonly or -mod=mod.
        To sync the vendor directory, run:
                go mod vendor
gargnitin@gargnitin:~/work/cloud/storage/client/gcsfuse/src/gcsfuse$ go mod vendor
gargnitin@gargnitin:~/work/cloud/storage/client/gcsfuse/src/gcsfuse$ go run . --implicit-dirs $bucket $mountpath
ls{"timestamp":{"seconds":1715193078,"nanos":993076654},"severity":"INFO","message":"Start gcsfuse/unknown (Go version go1.23-20240419-RC02 cl/626470163 +7f76c00fc5 X:fieldtrack,boringcrypto) for app \"\" using mount point: /usr/local/google/home/gargnitin/work/cloud/storage/client/gcsfuse/test_buckets/gargnitin-test-empty-dirname-asia-se1-mount\n"}
{"timestamp":{"seconds":1715193078,"nanos":993404564},"severity":"INFO","message":"GCSFuse mount command flags: {\"AppName\":\"\",\"Foreground\":false,\"ConfigFile\":\"\",\"MountOptions\":{},\"DirMode\":493,\"FileMode\":420,\"Uid\":-1,\"Gid\":-1,\"ImplicitDirs\":true,\"OnlyDir\":\"\",\"RenameDirLimit\":0,\"IgnoreInterrupts\":false,\"CustomEndpoint\":null,\"BillingProject\":\"\",\"KeyFile\":\"\",\"TokenUrl\":\"\",\"ReuseTokenFromUrl\":true,\"EgressBandwidthLimitBytesPerSecond\":-1,\"OpRateLimitHz\":-1,\"SequentialReadSizeMb\":200,\"AnonymousAccess\":false,\"MaxRetrySleep\":30000000000,\"StatCacheCapacity\":20460,\"StatCacheTTL\":60000000000,\"TypeCacheTTL\":60000000000,\"HttpClientTimeout\":0,\"MaxRetryDuration\":-1000000000,\"RetryMultiplier\":2,\"LocalFileCache\":false,\"TempDir\":\"\",\"ClientProtocol\":\"http1\",\"MaxConnsPerHost\":100,\"MaxIdleConnsPerHost\":100,\"EnableNonexistentTypeCache\":false,\"StackdriverExportInterval\":0,\"OtelCollectorAddress\":\"\",\"LogFile\":\"\",\"LogFormat\":\"json\",\"ExperimentalEnableJsonRead\":false,\"DebugFuseErrors\":true,\"DebugFuse\":false,\"DebugFS\":false,\"DebugGCS\":false,\"DebugHTTP\":false,\"DebugInvariants\":false,\"DebugMutex\":false}"}
{"timestamp":{"seconds":1715193078,"nanos":993477284},"severity":"INFO","message":"GCSFuse mount config flags: {\"CreateEmptyFile\":false,\"Severity\":\"INFO\",\"Format\":\"json\",\"FilePath\":\"\",\"LogRotateConfig\":{\"MaxFileSizeMB\":512,\"BackupFileCount\":10,\"Compress\":true},\"MaxSizeMB\":-1,\"CacheFileForRangeRead\":false,\"CacheDir\":\"\",\"TtlInSeconds\":-9223372036854775808,\"TypeCacheMaxSizeMB\":4,\"StatCacheMaxSizeMB\":-9223372036854775808,\"EnableEmptyManagedFolders\":false,\"ConnPoolSize\":1,\"AnonymousAccess\":false,\"EnableHNS\":false,\"IgnoreInterrupts\":false}"}
{"timestamp":{"seconds":1715193079,"nanos":13879768},"severity":"INFO","message":"File system has been successfully mounted."}
gargnitin@gargnitin:~/work/cloud/storage/client/gcsfuse/src/gcsfuse$ lsfusemnts 
gargnitin-test-empty-dirname-asia-se1 /usr/local/google/home/gargnitin/work/cloud/storage/client/gcsfuse/test_buckets/gargnitin-test-empty-dirname-asia-se1-mount4
gcsfuse /usr/local/google/home/gargnitin/work/cloud/storage/client/gcsfuse/test_buckets/gargnitin-test-empty-dirname-asia-se1-mount
gargnitin@gargnitin:~/work/cloud/storage/client/gcsfuse/src/gcsfuse$ echo $bucket

gargnitin@gargnitin:~/work/cloud/storage/client/gcsfuse/src/gcsfuse$ export bucket=gargnitin-test-empty-dirname-asia-se1                                                                 
gargnitin@gargnitin:~/work/cloud/storage/client/gcsfuse/src/gcsfuse$ go run . --implicit-dirs $bucket $mountpath                                                                         
{"timestamp":{"seconds":1715193118,"nanos":203813120},"severity":"INFO","message":"Start gcsfuse/unknown (Go version go1.23-20240419-RC02 cl/626470163 +7f76c00fc5 X:fieldtrack,boringcrypto) for app \"\" using mount point: /usr/local/google/home/gargnitin/work/cloud/storage/client/gcsfuse/test_buckets/gargnitin-test-empty-dirname-asia-se1-mount\n"}
{"timestamp":{"seconds":1715193118,"nanos":204213479},"severity":"INFO","message":"GCSFuse mount command flags: {\"AppName\":\"\",\"Foreground\":false,\"ConfigFile\":\"\",\"MountOptions\":{},\"DirMode\":493,\"FileMode\":420,\"Uid\":-1,\"Gid\":-1,\"ImplicitDirs\":true,\"OnlyDir\":\"\",\"RenameDirLimit\":0,\"IgnoreInterrupts\":false,\"CustomEndpoint\":null,\"BillingProject\":\"\",\"KeyFile\":\"\",\"TokenUrl\":\"\",\"ReuseTokenFromUrl\":true,\"EgressBandwidthLimitBytesPerSecond\":-1,\"OpRateLimitHz\":-1,\"SequentialReadSizeMb\":200,\"AnonymousAccess\":false,\"MaxRetrySleep\":30000000000,\"StatCacheCapacity\":20460,\"StatCacheTTL\":60000000000,\"TypeCacheTTL\":60000000000,\"HttpClientTimeout\":0,\"MaxRetryDuration\":-1000000000,\"RetryMultiplier\":2,\"LocalFileCache\":false,\"TempDir\":\"\",\"ClientProtocol\":\"http1\",\"MaxConnsPerHost\":100,\"MaxIdleConnsPerHost\":100,\"EnableNonexistentTypeCache\":false,\"StackdriverExportInterval\":0,\"OtelCollectorAddress\":\"\",\"LogFile\":\"\",\"LogFormat\":\"json\",\"ExperimentalEnableJsonRead\":false,\"DebugFuseErrors\":true,\"DebugFuse\":false,\"DebugFS\":false,\"DebugGCS\":false,\"DebugHTTP\":false,\"DebugInvariants\":false,\"DebugMutex\":false}"}
{"timestamp":{"seconds":1715193118,"nanos":205080779},"severity":"INFO","message":"GCSFuse mount config flags: {\"CreateEmptyFile\":false,\"Severity\":\"INFO\",\"Format\":\"json\",\"FilePath\":\"\",\"LogRotateConfig\":{\"MaxFileSizeMB\":512,\"BackupFileCount\":10,\"Compress\":true},\"MaxSizeMB\":-1,\"CacheFileForRangeRead\":false,\"CacheDir\":\"\",\"TtlInSeconds\":-9223372036854775808,\"TypeCacheMaxSizeMB\":4,\"StatCacheMaxSizeMB\":-9223372036854775808,\"EnableEmptyManagedFolders\":false,\"ConnPoolSize\":1,\"AnonymousAccess\":false,\"EnableHNS\":false,\"IgnoreInterrupts\":false}"}
daemonize.Run: readFromProcess: sub-process: Error while mounting gcsfuse: mountWithArgs: mountWithStorageHandle: Mount: mount: running /usr/bin/fusermount3: exit status 1
exit status 1
gargnitin@gargnitin:~/work/cloud/storage/client/gcsfuse/src/gcsfuse$ lsfusemnts 
gargnitin-test-empty-dirname-asia-se1 /usr/local/google/home/gargnitin/work/cloud/storage/client/gcsfuse/test_buckets/gargnitin-test-empty-dirname-asia-se1-mount4
gcsfuse /usr/local/google/home/gargnitin/work/cloud/storage/client/gcsfuse/test_buckets/gargnitin-test-empty-dirname-asia-se1-mount
gargnitin@gargnitin:~/work/cloud/storage/client/gcsfuse/src/gcsfuse$ fusermount -uz $mountpath                                                                                           
gargnitin@gargnitin:~/work/cloud/storage/client/gcsfuse/src/gcsfuse$ lsfusemnts                                                                                            
gargnitin-test-empty-dirname-asia-se1 /usr/local/google/home/gargnitin/work/cloud/storage/client/gcsfuse/test_buckets/gargnitin-test-empty-dirname-asia-se1-mount4
gargnitin@gargnitin:~/work/cloud/storage/client/gcsfuse/src/gcsfuse$ go run . --implicit-dirs $bucket $mountpath                                                                          
{"timestamp":{"seconds":1715193137,"nanos":756154885},"severity":"INFO","message":"Start gcsfuse/unknown (Go version go1.23-20240419-RC02 cl/626470163 +7f76c00fc5 X:fieldtrack,boringcrypto) for app \"\" using mount point: /usr/local/google/home/gargnitin/work/cloud/storage/client/gcsfuse/test_buckets/gargnitin-test-empty-dirname-asia-se1-mount\n"}
{"timestamp":{"seconds":1715193137,"nanos":756424885},"severity":"INFO","message":"GCSFuse mount command flags: {\"AppName\":\"\",\"Foreground\":false,\"ConfigFile\":\"\",\"MountOptions\":{},\"DirMode\":493,\"FileMode\":420,\"Uid\":-1,\"Gid\":-1,\"ImplicitDirs\":true,\"OnlyDir\":\"\",\"RenameDirLimit\":0,\"IgnoreInterrupts\":false,\"CustomEndpoint\":null,\"BillingProject\":\"\",\"KeyFile\":\"\",\"TokenUrl\":\"\",\"ReuseTokenFromUrl\":true,\"EgressBandwidthLimitBytesPerSecond\":-1,\"OpRateLimitHz\":-1,\"SequentialReadSizeMb\":200,\"AnonymousAccess\":false,\"MaxRetrySleep\":30000000000,\"StatCacheCapacity\":20460,\"StatCacheTTL\":60000000000,\"TypeCacheTTL\":60000000000,\"HttpClientTimeout\":0,\"MaxRetryDuration\":-1000000000,\"RetryMultiplier\":2,\"LocalFileCache\":false,\"TempDir\":\"\",\"ClientProtocol\":\"http1\",\"MaxConnsPerHost\":100,\"MaxIdleConnsPerHost\":100,\"EnableNonexistentTypeCache\":false,\"StackdriverExportInterval\":0,\"OtelCollectorAddress\":\"\",\"LogFile\":\"\",\"LogFormat\":\"json\",\"ExperimentalEnableJsonRead\":false,\"DebugFuseErrors\":true,\"DebugFuse\":false,\"DebugFS\":false,\"DebugGCS\":false,\"DebugHTTP\":false,\"DebugInvariants\":false,\"DebugMutex\":false}"}
{"timestamp":{"seconds":1715193137,"nanos":756500545},"severity":"INFO","message":"GCSFuse mount config flags: {\"CreateEmptyFile\":false,\"Severity\":\"INFO\",\"Format\":\"json\",\"FilePath\":\"\",\"LogRotateConfig\":{\"MaxFileSizeMB\":512,\"BackupFileCount\":10,\"Compress\":true},\"MaxSizeMB\":-1,\"CacheFileForRangeRead\":false,\"CacheDir\":\"\",\"TtlInSeconds\":-9223372036854775808,\"TypeCacheMaxSizeMB\":4,\"StatCacheMaxSizeMB\":-9223372036854775808,\"EnableEmptyManagedFolders\":false,\"ConnPoolSize\":1,\"AnonymousAccess\":false,\"EnableHNS\":false,\"IgnoreInterrupts\":false}"}
{"timestamp":{"seconds":1715193137,"nanos":897229538},"severity":"INFO","message":"File system has been successfully mounted."}
gargnitin@gargnitin:~/work/cloud/storage/client/gcsfuse/src/gcsfuse$ ls $mountpath 
14  a
gargnitin@gargnitin:~/work/cloud/storage/client/gcsfuse/src/gcsfuse$ lsfusemnts 
gargnitin-test-empty-dirname-asia-se1 /usr/local/google/home/gargnitin/work/cloud/storage/client/gcsfuse/test_buckets/gargnitin-test-empty-dirname-asia-se1-mount4
gargnitin-test-empty-dirname-asia-se1 /usr/local/google/home/gargnitin/work/cloud/storage/client/gcsfuse/test_buckets/gargnitin-test-empty-dirname-asia-se1-mount
gargnitin@gargnitin:~/work/cloud/storage/client/gcsfuse/src/gcsfuse$ ls $mountpath                                                                                                        
14  a
gargnitin@gargnitin:~/work/cloud/storage/client/gcsfuse/src/gcsfuse$ fusermount -uz $mountpath                                                                                            
gargnitin@gargnitin:~/work/cloud/storage/client/gcsfuse/src/gcsfuse$ lsfusemnts                                                                                                        
gargnitin@gargnitin:~/work/cloud/storage/client/gcsfuse/src/gcsfuse$ go run . --implicit-dirs $bucket $mountpath && ls -l $mountpath && fusermount -uz $mountpath                         
{"timestamp":{"seconds":1715193237,"nanos":666613390},"severity":"INFO","message":"Start gcsfuse/unknown (Go version go1.23-20240419-RC02 cl/626470163 +7f76c00fc5 X:fieldtrack,boringcrypto) for app \"\" using mount point: /usr/local/google/home/gargnitin/work/cloud/storage/client/gcsfuse/test_buckets/gargnitin-test-empty-dirname-asia-se1-mount\n"}
{"timestamp":{"seconds":1715193237,"nanos":666770700},"severity":"INFO","message":"GCSFuse mount command flags: {\"AppName\":\"\",\"Foreground\":false,\"ConfigFile\":\"\",\"MountOptions\":{},\"DirMode\":493,\"FileMode\":420,\"Uid\":-1,\"Gid\":-1,\"ImplicitDirs\":true,\"OnlyDir\":\"\",\"RenameDirLimit\":0,\"IgnoreInterrupts\":false,\"CustomEndpoint\":null,\"BillingProject\":\"\",\"KeyFile\":\"\",\"TokenUrl\":\"\",\"ReuseTokenFromUrl\":true,\"EgressBandwidthLimitBytesPerSecond\":-1,\"OpRateLimitHz\":-1,\"SequentialReadSizeMb\":200,\"AnonymousAccess\":false,\"MaxRetrySleep\":30000000000,\"StatCacheCapacity\":20460,\"StatCacheTTL\":60000000000,\"TypeCacheTTL\":60000000000,\"HttpClientTimeout\":0,\"MaxRetryDuration\":-1000000000,\"RetryMultiplier\":2,\"LocalFileCache\":false,\"TempDir\":\"\",\"ClientProtocol\":\"http1\",\"MaxConnsPerHost\":100,\"MaxIdleConnsPerHost\":100,\"EnableNonexistentTypeCache\":false,\"StackdriverExportInterval\":0,\"OtelCollectorAddress\":\"\",\"LogFile\":\"\",\"LogFormat\":\"json\",\"ExperimentalEnableJsonRead\":false,\"DebugFuseErrors\":true,\"DebugFuse\":false,\"DebugFS\":false,\"DebugGCS\":false,\"DebugHTTP\":false,\"DebugInvariants\":false,\"DebugMutex\":false}"}
{"timestamp":{"seconds":1715193237,"nanos":666846790},"severity":"INFO","message":"GCSFuse mount config flags: {\"CreateEmptyFile\":false,\"Severity\":\"INFO\",\"Format\":\"json\",\"FilePath\":\"\",\"LogRotateConfig\":{\"MaxFileSizeMB\":512,\"BackupFileCount\":10,\"Compress\":true},\"MaxSizeMB\":-1,\"CacheFileForRangeRead\":false,\"CacheDir\":\"\",\"TtlInSeconds\":-9223372036854775808,\"TypeCacheMaxSizeMB\":4,\"StatCacheMaxSizeMB\":-9223372036854775808,\"EnableEmptyManagedFolders\":false,\"ConnPoolSize\":1,\"AnonymousAccess\":false,\"EnableHNS\":false,\"IgnoreInterrupts\":false}"}
{"timestamp":{"seconds":1715193237,"nanos":809477816},"severity":"INFO","message":"File system has been successfully mounted."}
total 1
drwxr-xr-x 1 gargnitin primarygroup 0 May  8 18:33 ''
-rw-r--r-- 1 gargnitin primarygroup 6 May  2 09:41  14
drwxr-xr-x 1 gargnitin primarygroup 0 May  8 18:33  a
gargnitin@gargnitin:~/work/cloud/storage/client/gcsfuse/src/gcsfuse$ gsutil ls -l gs://$bucket                                                                    
         5  2024-05-08T18:32:56Z  gs://gargnitin-test-empty-dirname-asia-se1/
         6  2024-05-02T09:41:44Z  gs://gargnitin-test-empty-dirname-asia-se1/14
                                 gs://gargnitin-test-empty-dirname-asia-se1/../
                                 gs://gargnitin-test-empty-dirname-asia-se1/./
                                 gs://gargnitin-test-empty-dirname-asia-se1//
                                 gs://gargnitin-test-empty-dirname-asia-se1/a/
TOTAL: 2 objects, 11 bytes (11 B)
gargnitin@gargnitin:~/work/cloud/storage/client/gcsfuse/src/gcsfuse$ gsutil ls -R gs://$bucket                                                                                           
gs://gargnitin-test-empty-dirname-asia-se1/
gs://gargnitin-test-empty-dirname-asia-se1/14
gs://gargnitin-test-empty-dirname-asia-se1/../:
gs://gargnitin-test-empty-dirname-asia-se1/../2

gs://gargnitin-test-empty-dirname-asia-se1/../a/:
gs://gargnitin-test-empty-dirname-asia-se1/../a/1

gs://gargnitin-test-empty-dirname-asia-se1/./:
gs://gargnitin-test-empty-dirname-asia-se1/./4

gs://gargnitin-test-empty-dirname-asia-se1/./a/:
gs://gargnitin-test-empty-dirname-asia-se1/./a/3

gs://gargnitin-test-empty-dirname-asia-se1//:
gs://gargnitin-test-empty-dirname-asia-se1//6

gs://gargnitin-test-empty-dirname-asia-se1//a/:
gs://gargnitin-test-empty-dirname-asia-se1//a/5

gs://gargnitin-test-empty-dirname-asia-se1/a/:
gs://gargnitin-test-empty-dirname-asia-se1/a/13

gs://gargnitin-test-empty-dirname-asia-se1/a/../:
gs://gargnitin-test-empty-dirname-asia-se1/a/../8

gs://gargnitin-test-empty-dirname-asia-se1/a/../b/:
gs://gargnitin-test-empty-dirname-asia-se1/a/../b/7

gs://gargnitin-test-empty-dirname-asia-se1/a/./:
gs://gargnitin-test-empty-dirname-asia-se1/a/./10

gs://gargnitin-test-empty-dirname-asia-se1/a/./b/:
gs://gargnitin-test-empty-dirname-asia-se1/a/./b/9

gs://gargnitin-test-empty-dirname-asia-se1/a//:
gs://gargnitin-test-empty-dirname-asia-se1/a//12

gs://gargnitin-test-empty-dirname-asia-se1/a//b/:
gs://gargnitin-test-empty-dirname-asia-se1/a//b/11
gargnitin@gargnitin:~/work/cloud/storage/client/gcsfuse/src/gcsfuse$ gsutil ls -l gs://$bucket                                                                                           
         5  2024-05-08T18:32:56Z  gs://gargnitin-test-empty-dirname-asia-se1/
         6  2024-05-02T09:41:44Z  gs://gargnitin-test-empty-dirname-asia-se1/14
                                 gs://gargnitin-test-empty-dirname-asia-se1/../
                                 gs://gargnitin-test-empty-dirname-asia-se1/./
                                 gs://gargnitin-test-empty-dirname-asia-se1//
                                 gs://gargnitin-test-empty-dirname-asia-se1/a/
TOTAL: 2 objects, 11 bytes (11 B)
gargnitin@gargnitin:~/work/cloud/storage/client/gcsfuse/src/gcsfuse$ go run . --implicit-dirs $bucket $mountpath && ls -l $mountpath && fusermount -uz $mountpath 
{"timestamp":{"seconds":1715193329,"nanos":267338526},"severity":"INFO","message":"Start gcsfuse/unknown (Go version go1.23-20240419-RC02 cl/626470163 +7f76c00fc5 X:fieldtrack,boringcrypto) for app \"\" using mount point: /usr/local/google/home/gargnitin/work/cloud/storage/client/gcsfuse/test_buckets/gargnitin-test-empty-dirname-asia-se1-mount\n"}
{"timestamp":{"seconds":1715193329,"nanos":267577836},"severity":"INFO","message":"GCSFuse mount command flags: {\"AppName\":\"\",\"Foreground\":false,\"ConfigFile\":\"\",\"MountOptions\":{},\"DirMode\":493,\"FileMode\":420,\"Uid\":-1,\"Gid\":-1,\"ImplicitDirs\":true,\"OnlyDir\":\"\",\"RenameDirLimit\":0,\"IgnoreInterrupts\":false,\"CustomEndpoint\":null,\"BillingProject\":\"\",\"KeyFile\":\"\",\"TokenUrl\":\"\",\"ReuseTokenFromUrl\":true,\"EgressBandwidthLimitBytesPerSecond\":-1,\"OpRateLimitHz\":-1,\"SequentialReadSizeMb\":200,\"AnonymousAccess\":false,\"MaxRetrySleep\":30000000000,\"StatCacheCapacity\":20460,\"StatCacheTTL\":60000000000,\"TypeCacheTTL\":60000000000,\"HttpClientTimeout\":0,\"MaxRetryDuration\":-1000000000,\"RetryMultiplier\":2,\"LocalFileCache\":false,\"TempDir\":\"\",\"ClientProtocol\":\"http1\",\"MaxConnsPerHost\":100,\"MaxIdleConnsPerHost\":100,\"EnableNonexistentTypeCache\":false,\"StackdriverExportInterval\":0,\"OtelCollectorAddress\":\"\",\"LogFile\":\"\",\"LogFormat\":\"json\",\"ExperimentalEnableJsonRead\":false,\"DebugFuseErrors\":true,\"DebugFuse\":false,\"DebugFS\":false,\"DebugGCS\":false,\"DebugHTTP\":false,\"DebugInvariants\":false,\"DebugMutex\":false}"}
{"timestamp":{"seconds":1715193329,"nanos":267649376},"severity":"INFO","message":"GCSFuse mount config flags: {\"CreateEmptyFile\":false,\"Severity\":\"INFO\",\"Format\":\"json\",\"FilePath\":\"\",\"LogRotateConfig\":{\"MaxFileSizeMB\":512,\"BackupFileCount\":10,\"Compress\":true},\"MaxSizeMB\":-1,\"CacheFileForRangeRead\":false,\"CacheDir\":\"\",\"TtlInSeconds\":-9223372036854775808,\"TypeCacheMaxSizeMB\":4,\"StatCacheMaxSizeMB\":-9223372036854775808,\"EnableEmptyManagedFolders\":false,\"ConnPoolSize\":1,\"AnonymousAccess\":false,\"EnableHNS\":false,\"IgnoreInterrupts\":false}"}
{"timestamp":{"seconds":1715193329,"nanos":400055556},"severity":"INFO","message":"File system has been successfully mounted."}
total 1
-rw-r--r-- 1 gargnitin primarygroup 6 May  2 09:41 14
drwxr-xr-x 1 gargnitin primarygroup 0 May  8 18:35 a
gargnitin@gargnitin:~/work/cloud/storage/client/gcsfuse/src/gcsfuse$ go run . --implicit-dirs $bucket $mountpath && ls -l $mountpath && fusermount -uz $mountpath 
{"timestamp":{"seconds":1715193334,"nanos":979124847},"severity":"INFO","message":"Start gcsfuse/unknown (Go version go1.23-20240419-RC02 cl/626470163 +7f76c00fc5 X:fieldtrack,boringcrypto) for app \"\" using mount point: /usr/local/google/home/gargnitin/work/cloud/storage/client/gcsfuse/test_buckets/gargnitin-test-empty-dirname-asia-se1-mount\n"}
{"timestamp":{"seconds":1715193334,"nanos":979320697},"severity":"INFO","message":"GCSFuse mount command flags: {\"AppName\":\"\",\"Foreground\":false,\"ConfigFile\":\"\",\"MountOptions\":{},\"DirMode\":493,\"FileMode\":420,\"Uid\":-1,\"Gid\":-1,\"ImplicitDirs\":true,\"OnlyDir\":\"\",\"RenameDirLimit\":0,\"IgnoreInterrupts\":false,\"CustomEndpoint\":null,\"BillingProject\":\"\",\"KeyFile\":\"\",\"TokenUrl\":\"\",\"ReuseTokenFromUrl\":true,\"EgressBandwidthLimitBytesPerSecond\":-1,\"OpRateLimitHz\":-1,\"SequentialReadSizeMb\":200,\"AnonymousAccess\":false,\"MaxRetrySleep\":30000000000,\"StatCacheCapacity\":20460,\"StatCacheTTL\":60000000000,\"TypeCacheTTL\":60000000000,\"HttpClientTimeout\":0,\"MaxRetryDuration\":-1000000000,\"RetryMultiplier\":2,\"LocalFileCache\":false,\"TempDir\":\"\",\"ClientProtocol\":\"http1\",\"MaxConnsPerHost\":100,\"MaxIdleConnsPerHost\":100,\"EnableNonexistentTypeCache\":false,\"StackdriverExportInterval\":0,\"OtelCollectorAddress\":\"\",\"LogFile\":\"\",\"LogFormat\":\"json\",\"ExperimentalEnableJsonRead\":false,\"DebugFuseErrors\":true,\"DebugFuse\":false,\"DebugFS\":false,\"DebugGCS\":false,\"DebugHTTP\":false,\"DebugInvariants\":false,\"DebugMutex\":false}"}
{"timestamp":{"seconds":1715193334,"nanos":979388367},"severity":"INFO","message":"GCSFuse mount config flags: {\"CreateEmptyFile\":false,\"Severity\":\"INFO\",\"Format\":\"json\",\"FilePath\":\"\",\"LogRotateConfig\":{\"MaxFileSizeMB\":512,\"BackupFileCount\":10,\"Compress\":true},\"MaxSizeMB\":-1,\"CacheFileForRangeRead\":false,\"CacheDir\":\"\",\"TtlInSeconds\":-9223372036854775808,\"TypeCacheMaxSizeMB\":4,\"StatCacheMaxSizeMB\":-9223372036854775808,\"EnableEmptyManagedFolders\":false,\"ConnPoolSize\":1,\"AnonymousAccess\":false,\"EnableHNS\":false,\"IgnoreInterrupts\":false}"}
{"timestamp":{"seconds":1715193335,"nanos":114049076},"severity":"INFO","message":"File system has been successfully mounted."}
total 1
-rw-r--r-- 1 gargnitin primarygroup 6 May  2 09:41 14
drwxr-xr-x 1 gargnitin primarygroup 0 May  8 18:35 a
gargnitin@gargnitin:~/work/cloud/storage/client/gcsfuse/src/gcsfuse$ go run . --implicit-dirs $bucket $mountpath && ls -l $mountpath && fusermount -uz $mountpath 
{"timestamp":{"seconds":1715193353,"nanos":671034484},"severity":"INFO","message":"Start gcsfuse/unknown (Go version go1.23-20240419-RC02 cl/626470163 +7f76c00fc5 X:fieldtrack,boringcrypto) for app \"\" using mount point: /usr/local/google/home/gargnitin/work/cloud/storage/client/gcsfuse/test_buckets/gargnitin-test-empty-dirname-asia-se1-mount\n"}
{"timestamp":{"seconds":1715193353,"nanos":671239624},"severity":"INFO","message":"GCSFuse mount command flags: {\"AppName\":\"\",\"Foreground\":false,\"ConfigFile\":\"\",\"MountOptions\":{},\"DirMode\":493,\"FileMode\":420,\"Uid\":-1,\"Gid\":-1,\"ImplicitDirs\":true,\"OnlyDir\":\"\",\"RenameDirLimit\":0,\"IgnoreInterrupts\":false,\"CustomEndpoint\":null,\"BillingProject\":\"\",\"KeyFile\":\"\",\"TokenUrl\":\"\",\"ReuseTokenFromUrl\":true,\"EgressBandwidthLimitBytesPerSecond\":-1,\"OpRateLimitHz\":-1,\"SequentialReadSizeMb\":200,\"AnonymousAccess\":false,\"MaxRetrySleep\":30000000000,\"StatCacheCapacity\":20460,\"StatCacheTTL\":60000000000,\"TypeCacheTTL\":60000000000,\"HttpClientTimeout\":0,\"MaxRetryDuration\":-1000000000,\"RetryMultiplier\":2,\"LocalFileCache\":false,\"TempDir\":\"\",\"ClientProtocol\":\"http1\",\"MaxConnsPerHost\":100,\"MaxIdleConnsPerHost\":100,\"EnableNonexistentTypeCache\":false,\"StackdriverExportInterval\":0,\"OtelCollectorAddress\":\"\",\"LogFile\":\"\",\"LogFormat\":\"json\",\"ExperimentalEnableJsonRead\":false,\"DebugFuseErrors\":true,\"DebugFuse\":false,\"DebugFS\":false,\"DebugGCS\":false,\"DebugHTTP\":false,\"DebugInvariants\":false,\"DebugMutex\":false}"}
{"timestamp":{"seconds":1715193353,"nanos":671311454},"severity":"INFO","message":"GCSFuse mount config flags: {\"CreateEmptyFile\":false,\"Severity\":\"INFO\",\"Format\":\"json\",\"FilePath\":\"\",\"LogRotateConfig\":{\"MaxFileSizeMB\":512,\"BackupFileCount\":10,\"Compress\":true},\"MaxSizeMB\":-1,\"CacheFileForRangeRead\":false,\"CacheDir\":\"\",\"TtlInSeconds\":-9223372036854775808,\"TypeCacheMaxSizeMB\":4,\"StatCacheMaxSizeMB\":-9223372036854775808,\"EnableEmptyManagedFolders\":false,\"ConnPoolSize\":1,\"AnonymousAccess\":false,\"EnableHNS\":false,\"IgnoreInterrupts\":false}"}
{"timestamp":{"seconds":1715193353,"nanos":812772132},"severity":"INFO","message":"File system has been successfully mounted."}
total 1
drwxr-xr-x 1 gargnitin primarygroup 0 May  8 18:35 ''
-rw-r--r-- 1 gargnitin primarygroup 6 May  2 09:41  14
drwxr-xr-x 1 gargnitin primarygroup 0 May  8 18:35  a
gargnitin@gargnitin:~/work/cloud/storage/client/gcsfuse/src/gcsfuse$ gsutil ls -l gs://$bucket                                                                    
         5  2024-05-08T18:35:44Z  gs://gargnitin-test-empty-dirname-asia-se1/
         6  2024-05-02T09:41:44Z  gs://gargnitin-test-empty-dirname-asia-se1/14
                                 gs://gargnitin-test-empty-dirname-asia-se1/../
                                 gs://gargnitin-test-empty-dirname-asia-se1/./
                                 gs://gargnitin-test-empty-dirname-asia-se1//
                                 gs://gargnitin-test-empty-dirname-asia-se1/a/
TOTAL: 2 objects, 11 bytes (11 B)
gargnitin@gargnitin:~/work/cloud/storage/client/gcsfuse/src/gcsfuse$ go run . --implicit-dirs $bucket $mountpath && ls -l $mountpath && fusermount -uz $mountpath 
{"timestamp":{"seconds":1715193367,"nanos":588846949},"severity":"INFO","message":"Start gcsfuse/unknown (Go version go1.23-20240419-RC02 cl/626470163 +7f76c00fc5 X:fieldtrack,boringcrypto) for app \"\" using mount point: /usr/local/google/home/gargnitin/work/cloud/storage/client/gcsfuse/test_buckets/gargnitin-test-empty-dirname-asia-se1-mount\n"}
{"timestamp":{"seconds":1715193367,"nanos":589093399},"severity":"INFO","message":"GCSFuse mount command flags: {\"AppName\":\"\",\"Foreground\":false,\"ConfigFile\":\"\",\"MountOptions\":{},\"DirMode\":493,\"FileMode\":420,\"Uid\":-1,\"Gid\":-1,\"ImplicitDirs\":true,\"OnlyDir\":\"\",\"RenameDirLimit\":0,\"IgnoreInterrupts\":false,\"CustomEndpoint\":null,\"BillingProject\":\"\",\"KeyFile\":\"\",\"TokenUrl\":\"\",\"ReuseTokenFromUrl\":true,\"EgressBandwidthLimitBytesPerSecond\":-1,\"OpRateLimitHz\":-1,\"SequentialReadSizeMb\":200,\"AnonymousAccess\":false,\"MaxRetrySleep\":30000000000,\"StatCacheCapacity\":20460,\"StatCacheTTL\":60000000000,\"TypeCacheTTL\":60000000000,\"HttpClientTimeout\":0,\"MaxRetryDuration\":-1000000000,\"RetryMultiplier\":2,\"LocalFileCache\":false,\"TempDir\":\"\",\"ClientProtocol\":\"http1\",\"MaxConnsPerHost\":100,\"MaxIdleConnsPerHost\":100,\"EnableNonexistentTypeCache\":false,\"StackdriverExportInterval\":0,\"OtelCollectorAddress\":\"\",\"LogFile\":\"\",\"LogFormat\":\"json\",\"ExperimentalEnableJsonRead\":false,\"DebugFuseErrors\":true,\"DebugFuse\":false,\"DebugFS\":false,\"DebugGCS\":false,\"DebugHTTP\":false,\"DebugInvariants\":false,\"DebugMutex\":false}"}
{"timestamp":{"seconds":1715193367,"nanos":589195789},"severity":"INFO","message":"GCSFuse mount config flags: {\"CreateEmptyFile\":false,\"Severity\":\"INFO\",\"Format\":\"json\",\"FilePath\":\"\",\"LogRotateConfig\":{\"MaxFileSizeMB\":512,\"BackupFileCount\":10,\"Compress\":true},\"MaxSizeMB\":-1,\"CacheFileForRangeRead\":false,\"CacheDir\":\"\",\"TtlInSeconds\":-9223372036854775808,\"TypeCacheMaxSizeMB\":4,\"StatCacheMaxSizeMB\":-9223372036854775808,\"EnableEmptyManagedFolders\":false,\"ConnPoolSize\":1,\"AnonymousAccess\":false,\"EnableHNS\":false,\"IgnoreInterrupts\":false}"}
{"timestamp":{"seconds":1715193367,"nanos":732930047},"severity":"INFO","message":"File system has been successfully mounted."}
total 1
drwxr-xr-x 1 gargnitin primarygroup 0 May  8 18:36 ''
-rw-r--r-- 1 gargnitin primarygroup 6 May  2 09:41  14
drwxr-xr-x 1 gargnitin primarygroup 0 May  8 18:36  a
gargnitin@gargnitin:~/work/cloud/storage/client/gcsfuse/src/gcsfuse$ gsutil ls -l gs://$bucket                                                                    
         6  2024-05-02T09:41:44Z  gs://gargnitin-test-empty-dirname-asia-se1/14
                                 gs://gargnitin-test-empty-dirname-asia-se1/../
                                 gs://gargnitin-test-empty-dirname-asia-se1/./
                                 gs://gargnitin-test-empty-dirname-asia-se1//
                                 gs://gargnitin-test-empty-dirname-asia-se1/a/
TOTAL: 1 objects, 6 bytes (6 B)
gargnitin@gargnitin:~/work/cloud/storage/client/gcsfuse/src/gcsfuse$ gsutil ls -l gs://$bucket
         5  2024-05-08T18:37:13Z  gs://gargnitin-test-empty-dirname-asia-se1/
         6  2024-05-02T09:41:44Z  gs://gargnitin-test-empty-dirname-asia-se1/14
                                 gs://gargnitin-test-empty-dirname-asia-se1/../
                                 gs://gargnitin-test-empty-dirname-asia-se1/./
                                 gs://gargnitin-test-empty-dirname-asia-se1//
                                 gs://gargnitin-test-empty-dirname-asia-se1/a/
TOTAL: 2 objects, 11 bytes (11 B)
gargnitin@gargnitin:~/work/cloud/storage/client/gcsfuse/src/gcsfuse$ gsutil ls -l gs://$bucket
         5  2024-05-08T18:37:13Z  gs://gargnitin-test-empty-dirname-asia-se1/
         6  2024-05-02T09:41:44Z  gs://gargnitin-test-empty-dirname-asia-se1/14
                                 gs://gargnitin-test-empty-dirname-asia-se1//
                                 gs://gargnitin-test-empty-dirname-asia-se1/../
                                 gs://gargnitin-test-empty-dirname-asia-se1/./
                                 gs://gargnitin-test-empty-dirname-asia-se1//
                                 gs://gargnitin-test-empty-dirname-asia-se1/a/
TOTAL: 2 objects, 11 bytes (11 B)
gargnitin@gargnitin:~/work/cloud/storage/client/gcsfuse/src/gcsfuse$ gsutil ls -l gs://$bucket/*/*
         5  2024-05-08T18:38:23Z  gs://gargnitin-test-empty-dirname-asia-se1//a
         6  2024-05-02T09:41:30Z  gs://gargnitin-test-empty-dirname-asia-se1/../2

gs://gargnitin-test-empty-dirname-asia-se1/../a/:
         6  2024-05-02T09:41:29Z  gs://gargnitin-test-empty-dirname-asia-se1/../a/1
         6  2024-05-02T09:41:33Z  gs://gargnitin-test-empty-dirname-asia-se1/./4

gs://gargnitin-test-empty-dirname-asia-se1/./a/:
         6  2024-05-02T09:41:31Z  gs://gargnitin-test-empty-dirname-asia-se1/./a/3
         6  2024-05-02T09:41:35Z  gs://gargnitin-test-empty-dirname-asia-se1//6

gs://gargnitin-test-empty-dirname-asia-se1//a/:
         6  2024-05-02T09:41:34Z  gs://gargnitin-test-empty-dirname-asia-se1//a/5
         6  2024-05-02T09:41:43Z  gs://gargnitin-test-empty-dirname-asia-se1/a/13

gs://gargnitin-test-empty-dirname-asia-se1/a/../:
         6  2024-05-02T09:41:37Z  gs://gargnitin-test-empty-dirname-asia-se1/a/../8
                                 gs://gargnitin-test-empty-dirname-asia-se1/a/../b/

gs://gargnitin-test-empty-dirname-asia-se1/a/./:
         6  2024-05-02T09:41:40Z  gs://gargnitin-test-empty-dirname-asia-se1/a/./10
                                 gs://gargnitin-test-empty-dirname-asia-se1/a/./b/

gs://gargnitin-test-empty-dirname-asia-se1/a//:
         6  2024-05-02T09:41:42Z  gs://gargnitin-test-empty-dirname-asia-se1/a//12
                                 gs://gargnitin-test-empty-dirname-asia-se1/a//b/
TOTAL: 11 objects, 65 bytes (65 B)
gargnitin@gargnitin:~/work/cloud/storage/client/gcsfuse/src/gcsfuse$ echo $mountpath 
/usr/local/google/home/gargnitin/work/cloud/storage/client/gcsfuse/test_buckets/gargnitin-test-empty-dirname-asia-se1-mount
gargnitin@gargnitin:~/work/cloud/storage/client/gcsfuse/src/gcsfuse$ lsfusemnts 
gargnitin@gargnitin:~/work/cloud/storage/client/gcsfuse/src/gcsfuse$ go run . --implicit-dirs $bucket $mountpath && ls -l $mountpath                                                      
{"timestamp":{"seconds":1715194328,"nanos":159574216},"severity":"INFO","message":"Start gcsfuse/unknown (Go version go1.23-20240419-RC02 cl/626470163 +7f76c00fc5 X:fieldtrack,boringcrypto) for app \"\" using mount point: /usr/local/google/home/gargnitin/work/cloud/storage/client/gcsfuse/test_buckets/gargnitin-test-empty-dirname-asia-se1-mount\n"}
{"timestamp":{"seconds":1715194328,"nanos":159888766},"severity":"INFO","message":"GCSFuse mount command flags: {\"AppName\":\"\",\"Foreground\":false,\"ConfigFile\":\"\",\"MountOptions\":{},\"DirMode\":493,\"FileMode\":420,\"Uid\":-1,\"Gid\":-1,\"ImplicitDirs\":true,\"OnlyDir\":\"\",\"RenameDirLimit\":0,\"IgnoreInterrupts\":false,\"CustomEndpoint\":null,\"BillingProject\":\"\",\"KeyFile\":\"\",\"TokenUrl\":\"\",\"ReuseTokenFromUrl\":true,\"EgressBandwidthLimitBytesPerSecond\":-1,\"OpRateLimitHz\":-1,\"SequentialReadSizeMb\":200,\"AnonymousAccess\":false,\"MaxRetrySleep\":30000000000,\"StatCacheCapacity\":20460,\"StatCacheTTL\":60000000000,\"TypeCacheTTL\":60000000000,\"HttpClientTimeout\":0,\"MaxRetryDuration\":-1000000000,\"RetryMultiplier\":2,\"LocalFileCache\":false,\"TempDir\":\"\",\"ClientProtocol\":\"http1\",\"MaxConnsPerHost\":100,\"MaxIdleConnsPerHost\":100,\"EnableNonexistentTypeCache\":false,\"StackdriverExportInterval\":0,\"OtelCollectorAddress\":\"\",\"LogFile\":\"\",\"LogFormat\":\"json\",\"ExperimentalEnableJsonRead\":false,\"DebugFuseErrors\":true,\"DebugFuse\":false,\"DebugFS\":false,\"DebugGCS\":false,\"DebugHTTP\":false,\"DebugInvariants\":false,\"DebugMutex\":false}"}
{"timestamp":{"seconds":1715194328,"nanos":160017776},"severity":"INFO","message":"GCSFuse mount config flags: {\"CreateEmptyFile\":false,\"Severity\":\"INFO\",\"Format\":\"json\",\"FilePath\":\"\",\"LogRotateConfig\":{\"MaxFileSizeMB\":512,\"BackupFileCount\":10,\"Compress\":true},\"MaxSizeMB\":-1,\"CacheFileForRangeRead\":false,\"CacheDir\":\"\",\"TtlInSeconds\":-9223372036854775808,\"TypeCacheMaxSizeMB\":4,\"StatCacheMaxSizeMB\":-9223372036854775808,\"EnableEmptyManagedFolders\":false,\"ConnPoolSize\":1,\"AnonymousAccess\":false,\"EnableHNS\":false,\"IgnoreInterrupts\":false}"}
{"timestamp":{"seconds":1715194328,"nanos":303106502},"severity":"INFO","message":"File system has been successfully mounted."}
total 1
drwxr-xr-x 1 gargnitin primarygroup 0 May  8 18:52 ''
-rw-r--r-- 1 gargnitin primarygroup 6 May  2 09:41  14
drwxr-xr-x 1 gargnitin primarygroup 0 May  8 18:52  a
drwxr-xr-x 1 gargnitin primarygroup 0 May  8 18:52  walked
gargnitin@gargnitin:~/work/cloud/storage/client/gcsfuse/src/gcsfuse$ ls $mountpath/walked
gargnitin@gargnitin:~/work/cloud/storage/client/gcsfuse/src/gcsfuse$ ls $mountpath/walked/ 
gargnitin@gargnitin:~/work/cloud/storage/client/gcsfuse/src/gcsfuse$ ls -l $mountpath/walked/
total 0
gargnitin@gargnitin:~/work/cloud/storage/client/gcsfuse/src/gcsfuse$ fusermount $mountpath          
fusermount: old style mounting not supported
gargnitin@gargnitin:~/work/cloud/storage/client/gcsfuse/src/gcsfuse$ fusermount -uz $mountpath                                                                                            
gargnitin@gargnitin:~/work/cloud/storage/client/gcsfuse/src/gcsfuse$ lsfusemnts                                                                                                        
gargnitin@gargnitin:~/work/cloud/storage/client/gcsfuse/src/gcsfuse$ go run . --implicit-dirs $bucket $mountpath && ls -l $mountpath                                                      
{"timestamp":{"seconds":1715197463,"nanos":894261207},"severity":"INFO","message":"Start gcsfuse/unknown (Go version go1.23-20240419-RC02 cl/626470163 +7f76c00fc5 X:fieldtrack,boringcrypto) for app \"\" using mount point: /usr/local/google/home/gargnitin/work/cloud/storage/client/gcsfuse/test_buckets/gargnitin-test-empty-dirname-asia-se1-mount\n"}
{"timestamp":{"seconds":1715197463,"nanos":894572607},"severity":"INFO","message":"GCSFuse mount command flags: {\"AppName\":\"\",\"Foreground\":false,\"ConfigFile\":\"\",\"MountOptions\":{},\"DirMode\":493,\"FileMode\":420,\"Uid\":-1,\"Gid\":-1,\"ImplicitDirs\":true,\"OnlyDir\":\"\",\"RenameDirLimit\":0,\"IgnoreInterrupts\":false,\"CustomEndpoint\":null,\"BillingProject\":\"\",\"KeyFile\":\"\",\"TokenUrl\":\"\",\"ReuseTokenFromUrl\":true,\"EgressBandwidthLimitBytesPerSecond\":-1,\"OpRateLimitHz\":-1,\"SequentialReadSizeMb\":200,\"AnonymousAccess\":false,\"MaxRetrySleep\":30000000000,\"StatCacheCapacity\":20460,\"StatCacheTTL\":60000000000,\"TypeCacheTTL\":60000000000,\"HttpClientTimeout\":0,\"MaxRetryDuration\":-1000000000,\"RetryMultiplier\":2,\"LocalFileCache\":false,\"TempDir\":\"\",\"ClientProtocol\":\"http1\",\"MaxConnsPerHost\":100,\"MaxIdleConnsPerHost\":100,\"EnableNonexistentTypeCache\":false,\"StackdriverExportInterval\":0,\"OtelCollectorAddress\":\"\",\"LogFile\":\"\",\"LogFormat\":\"json\",\"ExperimentalEnableJsonRead\":false,\"DebugFuseErrors\":true,\"DebugFuse\":false,\"DebugFS\":false,\"DebugGCS\":false,\"DebugHTTP\":false,\"DebugInvariants\":false,\"DebugMutex\":false}"}
{"timestamp":{"seconds":1715197463,"nanos":894662457},"severity":"INFO","message":"GCSFuse mount config flags: {\"CreateEmptyFile\":false,\"Severity\":\"INFO\",\"Format\":\"json\",\"FilePath\":\"\",\"LogRotateConfig\":{\"MaxFileSizeMB\":512,\"BackupFileCount\":10,\"Compress\":true},\"MaxSizeMB\":-1,\"CacheFileForRangeRead\":false,\"CacheDir\":\"\",\"TtlInSeconds\":-9223372036854775808,\"TypeCacheMaxSizeMB\":4,\"StatCacheMaxSizeMB\":-9223372036854775808,\"EnableEmptyManagedFolders\":false,\"ConnPoolSize\":1,\"AnonymousAccess\":false,\"EnableHNS\":false,\"IgnoreInterrupts\":false}"}
{"timestamp":{"seconds":1715197464,"nanos":24990142},"severity":"INFO","message":"File system has been successfully mounted."}
total 1
-rw-r--r-- 1 gargnitin primarygroup 6 May  2 09:41 14
drwxr-xr-x 1 gargnitin primarygroup 0 May  8 19:44 a
drwxr-xr-x 1 gargnitin primarygroup 0 May  8 19:44 walked
gargnitin@gargnitin:~/work/cloud/storage/client/gcsfuse/src/gcsfuse$ fusermount -uz $mountpath                                                                                            
gargnitin@gargnitin:~/work/cloud/storage/client/gcsfuse/src/gcsfuse$ go run . --implicit-dirs $bucket $mountpath && ls -l $mountpath && fusermount -uz $mountpath                         
{"timestamp":{"seconds":1715197478,"nanos":164636866},"severity":"INFO","message":"Start gcsfuse/unknown (Go version go1.23-20240419-RC02 cl/626470163 +7f76c00fc5 X:fieldtrack,boringcrypto) for app \"\" using mount point: /usr/local/google/home/gargnitin/work/cloud/storage/client/gcsfuse/test_buckets/gargnitin-test-empty-dirname-asia-se1-mount\n"}
{"timestamp":{"seconds":1715197478,"nanos":164795796},"severity":"INFO","message":"GCSFuse mount command flags: {\"AppName\":\"\",\"Foreground\":false,\"ConfigFile\":\"\",\"MountOptions\":{},\"DirMode\":493,\"FileMode\":420,\"Uid\":-1,\"Gid\":-1,\"ImplicitDirs\":true,\"OnlyDir\":\"\",\"RenameDirLimit\":0,\"IgnoreInterrupts\":false,\"CustomEndpoint\":null,\"BillingProject\":\"\",\"KeyFile\":\"\",\"TokenUrl\":\"\",\"ReuseTokenFromUrl\":true,\"EgressBandwidthLimitBytesPerSecond\":-1,\"OpRateLimitHz\":-1,\"SequentialReadSizeMb\":200,\"AnonymousAccess\":false,\"MaxRetrySleep\":30000000000,\"StatCacheCapacity\":20460,\"StatCacheTTL\":60000000000,\"TypeCacheTTL\":60000000000,\"HttpClientTimeout\":0,\"MaxRetryDuration\":-1000000000,\"RetryMultiplier\":2,\"LocalFileCache\":false,\"TempDir\":\"\",\"ClientProtocol\":\"http1\",\"MaxConnsPerHost\":100,\"MaxIdleConnsPerHost\":100,\"EnableNonexistentTypeCache\":false,\"StackdriverExportInterval\":0,\"OtelCollectorAddress\":\"\",\"LogFile\":\"\",\"LogFormat\":\"json\",\"ExperimentalEnableJsonRead\":false,\"DebugFuseErrors\":true,\"DebugFuse\":false,\"DebugFS\":false,\"DebugGCS\":false,\"DebugHTTP\":false,\"DebugInvariants\":false,\"DebugMutex\":false}"}
{"timestamp":{"seconds":1715197478,"nanos":164866316},"severity":"INFO","message":"GCSFuse mount config flags: {\"CreateEmptyFile\":false,\"Severity\":\"INFO\",\"Format\":\"json\",\"FilePath\":\"\",\"LogRotateConfig\":{\"MaxFileSizeMB\":512,\"BackupFileCount\":10,\"Compress\":true},\"MaxSizeMB\":-1,\"CacheFileForRangeRead\":false,\"CacheDir\":\"\",\"TtlInSeconds\":-9223372036854775808,\"TypeCacheMaxSizeMB\":4,\"StatCacheMaxSizeMB\":-9223372036854775808,\"EnableEmptyManagedFolders\":false,\"ConnPoolSize\":1,\"AnonymousAccess\":false,\"EnableHNS\":false,\"IgnoreInterrupts\":false}"}
{"timestamp":{"seconds":1715197478,"nanos":289352851},"severity":"INFO","message":"File system has been successfully mounted."}
total 1
-rw-r--r-- 1 gargnitin primarygroup 6 May  2 09:41 14
drwxr-xr-x 1 gargnitin primarygroup 0 May  8 19:44 a
drwxr-xr-x 1 gargnitin primarygroup 0 May  8 19:44 walked
gargnitin@gargnitin:~/work/cloud/storage/client/gcsfuse/src/gcsfuse$ go run . $bucket $mountpath && ls -l $mountpath && fusermount -uz $mountpath                                        
{"timestamp":{"seconds":1715197486,"nanos":732030602},"severity":"INFO","message":"Start gcsfuse/unknown (Go version go1.23-20240419-RC02 cl/626470163 +7f76c00fc5 X:fieldtrack,boringcrypto) for app \"\" using mount point: /usr/local/google/home/gargnitin/work/cloud/storage/client/gcsfuse/test_buckets/gargnitin-test-empty-dirname-asia-se1-mount\n"}
{"timestamp":{"seconds":1715197486,"nanos":732212853},"severity":"INFO","message":"GCSFuse mount command flags: {\"AppName\":\"\",\"Foreground\":false,\"ConfigFile\":\"\",\"MountOptions\":{},\"DirMode\":493,\"FileMode\":420,\"Uid\":-1,\"Gid\":-1,\"ImplicitDirs\":false,\"OnlyDir\":\"\",\"RenameDirLimit\":0,\"IgnoreInterrupts\":false,\"CustomEndpoint\":null,\"BillingProject\":\"\",\"KeyFile\":\"\",\"TokenUrl\":\"\",\"ReuseTokenFromUrl\":true,\"EgressBandwidthLimitBytesPerSecond\":-1,\"OpRateLimitHz\":-1,\"SequentialReadSizeMb\":200,\"AnonymousAccess\":false,\"MaxRetrySleep\":30000000000,\"StatCacheCapacity\":20460,\"StatCacheTTL\":60000000000,\"TypeCacheTTL\":60000000000,\"HttpClientTimeout\":0,\"MaxRetryDuration\":-1000000000,\"RetryMultiplier\":2,\"LocalFileCache\":false,\"TempDir\":\"\",\"ClientProtocol\":\"http1\",\"MaxConnsPerHost\":100,\"MaxIdleConnsPerHost\":100,\"EnableNonexistentTypeCache\":false,\"StackdriverExportInterval\":0,\"OtelCollectorAddress\":\"\",\"LogFile\":\"\",\"LogFormat\":\"json\",\"ExperimentalEnableJsonRead\":false,\"DebugFuseErrors\":true,\"DebugFuse\":false,\"DebugFS\":false,\"DebugGCS\":false,\"DebugHTTP\":false,\"DebugInvariants\":false,\"DebugMutex\":false}"}
{"timestamp":{"seconds":1715197486,"nanos":732321253},"severity":"INFO","message":"GCSFuse mount config flags: {\"CreateEmptyFile\":false,\"Severity\":\"INFO\",\"Format\":\"json\",\"FilePath\":\"\",\"LogRotateConfig\":{\"MaxFileSizeMB\":512,\"BackupFileCount\":10,\"Compress\":true},\"MaxSizeMB\":-1,\"CacheFileForRangeRead\":false,\"CacheDir\":\"\",\"TtlInSeconds\":-9223372036854775808,\"TypeCacheMaxSizeMB\":4,\"StatCacheMaxSizeMB\":-9223372036854775808,\"EnableEmptyManagedFolders\":false,\"ConnPoolSize\":1,\"AnonymousAccess\":false,\"EnableHNS\":false,\"IgnoreInterrupts\":false}"}
{"timestamp":{"seconds":1715197486,"nanos":868077960},"severity":"INFO","message":"File system has been successfully mounted."}
total 1
-rw-r--r-- 1 gargnitin primarygroup 6 May  2 09:41 14
gargnitin@gargnitin:~/work/cloud/storage/client/gcsfuse/src/gcsfuse$ go run . $bucket $mountpath/walked && ls -l $mountpath && fusermount -uz $mountpath                                  
{"timestamp":{"seconds":1715197505,"nanos":707103877},"severity":"INFO","message":"Start gcsfuse/unknown (Go version go1.23-20240419-RC02 cl/626470163 +7f76c00fc5 X:fieldtrack,boringcrypto) for app \"\" using mount point: /usr/local/google/home/gargnitin/work/cloud/storage/client/gcsfuse/test_buckets/gargnitin-test-empty-dirname-asia-se1-mount/walked\n"}
{"timestamp":{"seconds":1715197505,"nanos":707437888},"severity":"INFO","message":"GCSFuse mount command flags: {\"AppName\":\"\",\"Foreground\":false,\"ConfigFile\":\"\",\"MountOptions\":{},\"DirMode\":493,\"FileMode\":420,\"Uid\":-1,\"Gid\":-1,\"ImplicitDirs\":false,\"OnlyDir\":\"\",\"RenameDirLimit\":0,\"IgnoreInterrupts\":false,\"CustomEndpoint\":null,\"BillingProject\":\"\",\"KeyFile\":\"\",\"TokenUrl\":\"\",\"ReuseTokenFromUrl\":true,\"EgressBandwidthLimitBytesPerSecond\":-1,\"OpRateLimitHz\":-1,\"SequentialReadSizeMb\":200,\"AnonymousAccess\":false,\"MaxRetrySleep\":30000000000,\"StatCacheCapacity\":20460,\"StatCacheTTL\":60000000000,\"TypeCacheTTL\":60000000000,\"HttpClientTimeout\":0,\"MaxRetryDuration\":-1000000000,\"RetryMultiplier\":2,\"LocalFileCache\":false,\"TempDir\":\"\",\"ClientProtocol\":\"http1\",\"MaxConnsPerHost\":100,\"MaxIdleConnsPerHost\":100,\"EnableNonexistentTypeCache\":false,\"StackdriverExportInterval\":0,\"OtelCollectorAddress\":\"\",\"LogFile\":\"\",\"LogFormat\":\"json\",\"ExperimentalEnableJsonRead\":false,\"DebugFuseErrors\":true,\"DebugFuse\":false,\"DebugFS\":false,\"DebugGCS\":false,\"DebugHTTP\":false,\"DebugInvariants\":false,\"DebugMutex\":false}"}
{"timestamp":{"seconds":1715197505,"nanos":707539028},"severity":"INFO","message":"GCSFuse mount config flags: {\"CreateEmptyFile\":false,\"Severity\":\"INFO\",\"Format\":\"json\",\"FilePath\":\"\",\"LogRotateConfig\":{\"MaxFileSizeMB\":512,\"BackupFileCount\":10,\"Compress\":true},\"MaxSizeMB\":-1,\"CacheFileForRangeRead\":false,\"CacheDir\":\"\",\"TtlInSeconds\":-9223372036854775808,\"TypeCacheMaxSizeMB\":4,\"StatCacheMaxSizeMB\":-9223372036854775808,\"EnableEmptyManagedFolders\":false,\"ConnPoolSize\":1,\"AnonymousAccess\":false,\"EnableHNS\":false,\"IgnoreInterrupts\":false}"}
daemonize.Run: readFromProcess: sub-process: Error while mounting gcsfuse: mountWithArgs: mountWithStorageHandle: Mount: stat /usr/local/google/home/gargnitin/work/cloud/storage/client/gcsfuse/test_buckets/gargnitin-test-empty-dirname-asia-se1-mount/walked: no such file or directory
exit status 1
gargnitin@gargnitin:~/work/cloud/storage/client/gcsfuse/src/gcsfuse$ go run . $bucket $mountpath && ls -l $mountpath && fusermount -uz $mountpath                                        
{"timestamp":{"seconds":1715197850,"nanos":578458665},"severity":"INFO","message":"Start gcsfuse/unknown (Go version go1.23-20240419-RC02 cl/626470163 +7f76c00fc5 X:fieldtrack,boringcrypto) for app \"\" using mount point: /usr/local/google/home/gargnitin/work/cloud/storage/client/gcsfuse/test_buckets/gargnitin-test-empty-dirname-asia-se1-mount\n"}
{"timestamp":{"seconds":1715197850,"nanos":578728005},"severity":"INFO","message":"GCSFuse mount command flags: {\"AppName\":\"\",\"Foreground\":false,\"ConfigFile\":\"\",\"MountOptions\":{},\"DirMode\":493,\"FileMode\":420,\"Uid\":-1,\"Gid\":-1,\"ImplicitDirs\":false,\"OnlyDir\":\"\",\"RenameDirLimit\":0,\"IgnoreInterrupts\":false,\"CustomEndpoint\":null,\"BillingProject\":\"\",\"KeyFile\":\"\",\"TokenUrl\":\"\",\"ReuseTokenFromUrl\":true,\"EgressBandwidthLimitBytesPerSecond\":-1,\"OpRateLimitHz\":-1,\"SequentialReadSizeMb\":200,\"AnonymousAccess\":false,\"MaxRetrySleep\":30000000000,\"StatCacheCapacity\":20460,\"StatCacheTTL\":60000000000,\"TypeCacheTTL\":60000000000,\"HttpClientTimeout\":0,\"MaxRetryDuration\":-1000000000,\"RetryMultiplier\":2,\"LocalFileCache\":false,\"TempDir\":\"\",\"ClientProtocol\":\"http1\",\"MaxConnsPerHost\":100,\"MaxIdleConnsPerHost\":100,\"EnableNonexistentTypeCache\":false,\"StackdriverExportInterval\":0,\"OtelCollectorAddress\":\"\",\"LogFile\":\"\",\"LogFormat\":\"json\",\"ExperimentalEnableJsonRead\":false,\"DebugFuseErrors\":true,\"DebugFuse\":false,\"DebugFS\":false,\"DebugGCS\":false,\"DebugHTTP\":false,\"DebugInvariants\":false,\"DebugMutex\":false}"}
{"timestamp":{"seconds":1715197850,"nanos":578835645},"severity":"INFO","message":"GCSFuse mount config flags: {\"CreateEmptyFile\":false,\"Severity\":\"INFO\",\"Format\":\"json\",\"FilePath\":\"\",\"LogRotateConfig\":{\"MaxFileSizeMB\":512,\"BackupFileCount\":10,\"Compress\":true},\"MaxSizeMB\":-1,\"CacheFileForRangeRead\":false,\"CacheDir\":\"\",\"TtlInSeconds\":-9223372036854775808,\"TypeCacheMaxSizeMB\":4,\"StatCacheMaxSizeMB\":-9223372036854775808,\"EnableEmptyManagedFolders\":false,\"ConnPoolSize\":1,\"AnonymousAccess\":false,\"EnableHNS\":false,\"IgnoreInterrupts\":false}"}
{"timestamp":{"seconds":1715197850,"nanos":712167120},"severity":"INFO","message":"File system has been successfully mounted."}
total 1
-rw-r--r-- 1 gargnitin primarygroup 6 May  2 09:41 14
gargnitin@gargnitin:~/work/cloud/storage/client/gcsfuse/src/gcsfuse$ go run . $bucket $mountpath && ls -l $mountpath/ && fusermount -uz $mountpath                                        
{"timestamp":{"seconds":1715197876,"nanos":482718649},"severity":"INFO","message":"Start gcsfuse/unknown (Go version go1.23-20240419-RC02 cl/626470163 +7f76c00fc5 X:fieldtrack,boringcrypto) for app \"\" using mount point: /usr/local/google/home/gargnitin/work/cloud/storage/client/gcsfuse/test_buckets/gargnitin-test-empty-dirname-asia-se1-mount\n"}
{"timestamp":{"seconds":1715197876,"nanos":482971499},"severity":"INFO","message":"GCSFuse mount command flags: {\"AppName\":\"\",\"Foreground\":false,\"ConfigFile\":\"\",\"MountOptions\":{},\"DirMode\":493,\"FileMode\":420,\"Uid\":-1,\"Gid\":-1,\"ImplicitDirs\":false,\"OnlyDir\":\"\",\"RenameDirLimit\":0,\"IgnoreInterrupts\":false,\"CustomEndpoint\":null,\"BillingProject\":\"\",\"KeyFile\":\"\",\"TokenUrl\":\"\",\"ReuseTokenFromUrl\":true,\"EgressBandwidthLimitBytesPerSecond\":-1,\"OpRateLimitHz\":-1,\"SequentialReadSizeMb\":200,\"AnonymousAccess\":false,\"MaxRetrySleep\":30000000000,\"StatCacheCapacity\":20460,\"StatCacheTTL\":60000000000,\"TypeCacheTTL\":60000000000,\"HttpClientTimeout\":0,\"MaxRetryDuration\":-1000000000,\"RetryMultiplier\":2,\"LocalFileCache\":false,\"TempDir\":\"\",\"ClientProtocol\":\"http1\",\"MaxConnsPerHost\":100,\"MaxIdleConnsPerHost\":100,\"EnableNonexistentTypeCache\":false,\"StackdriverExportInterval\":0,\"OtelCollectorAddress\":\"\",\"LogFile\":\"\",\"LogFormat\":\"json\",\"ExperimentalEnableJsonRead\":false,\"DebugFuseErrors\":true,\"DebugFuse\":false,\"DebugFS\":false,\"DebugGCS\":false,\"DebugHTTP\":false,\"DebugInvariants\":false,\"DebugMutex\":false}"}
{"timestamp":{"seconds":1715197876,"nanos":483090090},"severity":"INFO","message":"GCSFuse mount config flags: {\"CreateEmptyFile\":false,\"Severity\":\"INFO\",\"Format\":\"json\",\"FilePath\":\"\",\"LogRotateConfig\":{\"MaxFileSizeMB\":512,\"BackupFileCount\":10,\"Compress\":true},\"MaxSizeMB\":-1,\"CacheFileForRangeRead\":false,\"CacheDir\":\"\",\"TtlInSeconds\":-9223372036854775808,\"TypeCacheMaxSizeMB\":4,\"StatCacheMaxSizeMB\":-9223372036854775808,\"EnableEmptyManagedFolders\":false,\"ConnPoolSize\":1,\"AnonymousAccess\":false,\"EnableHNS\":false,\"IgnoreInterrupts\":false}"}
{"timestamp":{"seconds":1715197876,"nanos":614632569},"severity":"INFO","message":"File system has been successfully mounted."}
total 1
-rw-r--r-- 1 gargnitin primarygroup 6 May  2 09:41 14
gargnitin@gargnitin:~/work/cloud/storage/client/gcsfuse/src/gcsfuse$ go run . $bucket $mountpath && ls -l $mountpath/ && fusermount -uz $mountpath 
{"timestamp":{"seconds":1715197922,"nanos":755140124},"severity":"INFO","message":"Start gcsfuse/unknown (Go version go1.23-20240419-RC02 cl/626470163 +7f76c00fc5 X:fieldtrack,boringcrypto) for app \"\" using mount point: /usr/local/google/home/gargnitin/work/cloud/storage/client/gcsfuse/test_buckets/gargnitin-test-empty-dirname-asia-se1-mount\n"}
{"timestamp":{"seconds":1715197922,"nanos":755345954},"severity":"INFO","message":"GCSFuse mount command flags: {\"AppName\":\"\",\"Foreground\":false,\"ConfigFile\":\"\",\"MountOptions\":{},\"DirMode\":493,\"FileMode\":420,\"Uid\":-1,\"Gid\":-1,\"ImplicitDirs\":false,\"OnlyDir\":\"\",\"RenameDirLimit\":0,\"IgnoreInterrupts\":false,\"CustomEndpoint\":null,\"BillingProject\":\"\",\"KeyFile\":\"\",\"TokenUrl\":\"\",\"ReuseTokenFromUrl\":true,\"EgressBandwidthLimitBytesPerSecond\":-1,\"OpRateLimitHz\":-1,\"SequentialReadSizeMb\":200,\"AnonymousAccess\":false,\"MaxRetrySleep\":30000000000,\"StatCacheCapacity\":20460,\"StatCacheTTL\":60000000000,\"TypeCacheTTL\":60000000000,\"HttpClientTimeout\":0,\"MaxRetryDuration\":-1000000000,\"RetryMultiplier\":2,\"LocalFileCache\":false,\"TempDir\":\"\",\"ClientProtocol\":\"http1\",\"MaxConnsPerHost\":100,\"MaxIdleConnsPerHost\":100,\"EnableNonexistentTypeCache\":false,\"StackdriverExportInterval\":0,\"OtelCollectorAddress\":\"\",\"LogFile\":\"\",\"LogFormat\":\"json\",\"ExperimentalEnableJsonRead\":false,\"DebugFuseErrors\":true,\"DebugFuse\":false,\"DebugFS\":false,\"DebugGCS\":false,\"DebugHTTP\":false,\"DebugInvariants\":false,\"DebugMutex\":false}"}
{"timestamp":{"seconds":1715197922,"nanos":755449374},"severity":"INFO","message":"GCSFuse mount config flags: {\"CreateEmptyFile\":false,\"Severity\":\"INFO\",\"Format\":\"json\",\"FilePath\":\"\",\"LogRotateConfig\":{\"MaxFileSizeMB\":512,\"BackupFileCount\":10,\"Compress\":true},\"MaxSizeMB\":-1,\"CacheFileForRangeRead\":false,\"CacheDir\":\"\",\"TtlInSeconds\":-9223372036854775808,\"TypeCacheMaxSizeMB\":4,\"StatCacheMaxSizeMB\":-9223372036854775808,\"EnableEmptyManagedFolders\":false,\"ConnPoolSize\":1,\"AnonymousAccess\":false,\"EnableHNS\":false,\"IgnoreInterrupts\":false}"}
{"timestamp":{"seconds":1715197922,"nanos":888006982},"severity":"INFO","message":"File system has been successfully mounted."}
total 1
-rw-r--r-- 1 gargnitin primarygroup 6 May  2 09:41 14
gargnitin@gargnitin:~/work/cloud/storage/client/gcsfuse/src/gcsfuse$ go run . --implicit-dirs $bucket $mountpath && ls -l $mountpath/ && fusermount -uz $mountpath                        
{"timestamp":{"seconds":1715197947,"nanos":868201859},"severity":"INFO","message":"Start gcsfuse/unknown (Go version go1.23-20240419-RC02 cl/626470163 +7f76c00fc5 X:fieldtrack,boringcrypto) for app \"\" using mount point: /usr/local/google/home/gargnitin/work/cloud/storage/client/gcsfuse/test_buckets/gargnitin-test-empty-dirname-asia-se1-mount\n"}
{"timestamp":{"seconds":1715197947,"nanos":868994929},"severity":"INFO","message":"GCSFuse mount command flags: {\"AppName\":\"\",\"Foreground\":false,\"ConfigFile\":\"\",\"MountOptions\":{},\"DirMode\":493,\"FileMode\":420,\"Uid\":-1,\"Gid\":-1,\"ImplicitDirs\":true,\"OnlyDir\":\"\",\"RenameDirLimit\":0,\"IgnoreInterrupts\":false,\"CustomEndpoint\":null,\"BillingProject\":\"\",\"KeyFile\":\"\",\"TokenUrl\":\"\",\"ReuseTokenFromUrl\":true,\"EgressBandwidthLimitBytesPerSecond\":-1,\"OpRateLimitHz\":-1,\"SequentialReadSizeMb\":200,\"AnonymousAccess\":false,\"MaxRetrySleep\":30000000000,\"StatCacheCapacity\":20460,\"StatCacheTTL\":60000000000,\"TypeCacheTTL\":60000000000,\"HttpClientTimeout\":0,\"MaxRetryDuration\":-1000000000,\"RetryMultiplier\":2,\"LocalFileCache\":false,\"TempDir\":\"\",\"ClientProtocol\":\"http1\",\"MaxConnsPerHost\":100,\"MaxIdleConnsPerHost\":100,\"EnableNonexistentTypeCache\":false,\"StackdriverExportInterval\":0,\"OtelCollectorAddress\":\"\",\"LogFile\":\"\",\"LogFormat\":\"json\",\"ExperimentalEnableJsonRead\":false,\"DebugFuseErrors\":true,\"DebugFuse\":false,\"DebugFS\":false,\"DebugGCS\":false,\"DebugHTTP\":false,\"DebugInvariants\":false,\"DebugMutex\":false}"}
{"timestamp":{"seconds":1715197947,"nanos":869621310},"severity":"INFO","message":"GCSFuse mount config flags: {\"CreateEmptyFile\":false,\"Severity\":\"INFO\",\"Format\":\"json\",\"FilePath\":\"\",\"LogRotateConfig\":{\"MaxFileSizeMB\":512,\"BackupFileCount\":10,\"Compress\":true},\"MaxSizeMB\":-1,\"CacheFileForRangeRead\":false,\"CacheDir\":\"\",\"TtlInSeconds\":-9223372036854775808,\"TypeCacheMaxSizeMB\":4,\"StatCacheMaxSizeMB\":-9223372036854775808,\"EnableEmptyManagedFolders\":false,\"ConnPoolSize\":1,\"AnonymousAccess\":false,\"EnableHNS\":false,\"IgnoreInterrupts\":false}"}
{"timestamp":{"seconds":1715197947,"nanos":996211600},"severity":"INFO","message":"File system has been successfully mounted."}
total 1
-rw-r--r-- 1 gargnitin primarygroup 6 May  2 09:41 14
drwxr-xr-x 1 gargnitin primarygroup 0 May  8 19:52 a
gargnitin@gargnitin:~/work/cloud/storage/client/gcsfuse/src/gcsfuse$ go run . --implicit-dirs $bucket $mountpath && ls -l $mountpath/ && fusermount -uz $mountpath 
{"timestamp":{"seconds":1715197977,"nanos":366372912},"severity":"INFO","message":"Start gcsfuse/unknown (Go version go1.23-20240419-RC02 cl/626470163 +7f76c00fc5 X:fieldtrack,boringcrypto) for app \"\" using mount point: /usr/local/google/home/gargnitin/work/cloud/storage/client/gcsfuse/test_buckets/gargnitin-test-empty-dirname-asia-se1-mount\n"}
{"timestamp":{"seconds":1715197977,"nanos":366538122},"severity":"INFO","message":"GCSFuse mount command flags: {\"AppName\":\"\",\"Foreground\":false,\"ConfigFile\":\"\",\"MountOptions\":{},\"DirMode\":493,\"FileMode\":420,\"Uid\":-1,\"Gid\":-1,\"ImplicitDirs\":true,\"OnlyDir\":\"\",\"RenameDirLimit\":0,\"IgnoreInterrupts\":false,\"CustomEndpoint\":null,\"BillingProject\":\"\",\"KeyFile\":\"\",\"TokenUrl\":\"\",\"ReuseTokenFromUrl\":true,\"EgressBandwidthLimitBytesPerSecond\":-1,\"OpRateLimitHz\":-1,\"SequentialReadSizeMb\":200,\"AnonymousAccess\":false,\"MaxRetrySleep\":30000000000,\"StatCacheCapacity\":20460,\"StatCacheTTL\":60000000000,\"TypeCacheTTL\":60000000000,\"HttpClientTimeout\":0,\"MaxRetryDuration\":-1000000000,\"RetryMultiplier\":2,\"LocalFileCache\":false,\"TempDir\":\"\",\"ClientProtocol\":\"http1\",\"MaxConnsPerHost\":100,\"MaxIdleConnsPerHost\":100,\"EnableNonexistentTypeCache\":false,\"StackdriverExportInterval\":0,\"OtelCollectorAddress\":\"\",\"LogFile\":\"\",\"LogFormat\":\"json\",\"ExperimentalEnableJsonRead\":false,\"DebugFuseErrors\":true,\"DebugFuse\":false,\"DebugFS\":false,\"DebugGCS\":false,\"DebugHTTP\":false,\"DebugInvariants\":false,\"DebugMutex\":false}"}
{"timestamp":{"seconds":1715197977,"nanos":366602472},"severity":"INFO","message":"GCSFuse mount config flags: {\"CreateEmptyFile\":false,\"Severity\":\"INFO\",\"Format\":\"json\",\"FilePath\":\"\",\"LogRotateConfig\":{\"MaxFileSizeMB\":512,\"BackupFileCount\":10,\"Compress\":true},\"MaxSizeMB\":-1,\"CacheFileForRangeRead\":false,\"CacheDir\":\"\",\"TtlInSeconds\":-9223372036854775808,\"TypeCacheMaxSizeMB\":4,\"StatCacheMaxSizeMB\":-9223372036854775808,\"EnableEmptyManagedFolders\":false,\"ConnPoolSize\":1,\"AnonymousAccess\":false,\"EnableHNS\":false,\"IgnoreInterrupts\":false}"}
{"timestamp":{"seconds":1715197977,"nanos":493517660},"severity":"INFO","message":"File system has been successfully mounted."}
total 1
-rw-r--r-- 1 gargnitin primarygroup 6 May  2 09:41 14
drwxr-xr-x 1 gargnitin primarygroup 0 May  8 19:52 a
gargnitin@gargnitin:~/work/cloud/storage/client/gcsfuse/src/gcsfuse$ lsfusemnts 
gargnitin@gargnitin:~/work/cloud/storage/client/gcsfuse/src/gcsfuse$ lsfusemnts                                                                                
If you do not reboot now, your system will reboot automatically                
at Fri May 17 02:52:10 UTC 2024. For more info, see go/glinux-reboot-policy.   
To reboot your computer 10 hours from now, on the command line run:            
echo systemctl reboot | at now + 10 hours                                      
Also you may have a pending maintenance. See go/cloudtop-faq#cloudtop-maintenan
ce-scheduler                                                                   
To run maintenance in 10 hours run:                                            
ctop self maintenance schedule in 10h
                                                                               
gargnitin@gargnitin:~/work/cloud/storage/client/gcsfuse/src/gcsfuse$ lsfusemnts 
